0.24s - pydevd: Use libraries filter: False

0.00s - IDE_PROJECT_ROOTS []

0.00s - Collecting default library roots.
0.01s - LIBRARY_ROOTS ['/root/.local/lib/python3.12/site-packages', '/usr/local/lib/python3.12', '/usr/local/lib/python3.12/site-packages']

0.00s - Apply debug mode: debugpy-dap
0.00s - Preimport: /usr/local/lib/python3.12/site-packages;debugpy._vendored.force_pydevd
0.00s - Connecting to 127.0.0.1:50419
0.00s - Connected to: <socket.socket fd=5, family=2, type=1, proto=0, laddr=('127.0.0.1', 48994), raddr=('127.0.0.1', 50419)>.
0.00s - Applying patching to hide pydevd threads (Py3 version).
0.00s - Process PydevdAuthorizeRequest: {
    "arguments": {
        "debugServerAccessToken": "7ab248f48afe8c2baff81ebab70698282316f4caa0508c71ce6ef503d1c82cf4"
    },
    "command": "pydevdAuthorize",
    "seq": 1,
    "type": "request"
}

0.00s - sending cmd (http_json) -->           CMD_RETURN {"type": "response", "request_seq": 1, "success": true, "command": "pydevdAuthorize", "body": {"clientAccessToken": null}, "seq": 2, "pydevd_cmd_id": 502}

0.00s - Process PydevdSystemInfoRequest: {
    "arguments": {},
    "command": "pydevdSystemInfo",
    "seq": 2,
    "type": "request"
}

0.00s - sending cmd (http_json) -->           CMD_RETURN {"type": "response", "request_seq": 2, "success": true, "command": "pydevdSystemInfo", "body": {"python": {"version": "3.12.11final0", "implementation": {"name": "cpython", "version": "3.12.11final0", "description": "CPython"}}, "platform": {"name": "linux"}, "process": {"pid": 1, "ppid": 0, "executable": "/usr/local/bin/python", "bitness": 64}, "pydevd": {"usingCython": true, "usingFrameEval": false}}, "seq": 4, "pydevd_cmd_id": 502}

0.10s - SKIP set tracing of frame: /usr/local/lib/python3.12/threading.py - wait
0.00s - SKIP set tracing of frame: /usr/local/lib/python3.12/threading.py - wait
0.00s - SKIP set tracing of frame: /usr/local/lib/python3.12/site-packages/debugpy/_vendored/pydevd/pydevd.py - _on_run
0.00s - SKIP set tracing of frame: /usr/local/lib/python3.12/site-packages/debugpy/_vendored/pydevd/_pydevd_bundle/pydevd_daemon_thread.py - run
0.00s - SKIP set tracing of frame: /usr/local/lib/python3.12/threading.py - _bootstrap_inner
0.00s - SKIP set tracing of frame: /usr/local/lib/python3.12/threading.py - _bootstrap
0.00s - SKIP set tracing of frame: /usr/local/lib/python3.12/threading.py - wait
0.00s - SKIP set tracing of frame: /usr/local/lib/python3.12/threading.py - wait
0.00s - SKIP set tracing of frame: /usr/local/lib/python3.12/site-packages/debugpy/_vendored/pydevd/pydevd.py - _on_run
0.00s - SKIP set tracing of frame: /usr/local/lib/python3.12/site-packages/debugpy/_vendored/pydevd/_pydevd_bundle/pydevd_daemon_thread.py - run
0.00s - SKIP set tracing of frame: /usr/local/lib/python3.12/threading.py - _bootstrap_inner
0.00s - SKIP set tracing of frame: /usr/local/lib/python3.12/threading.py - _bootstrap
0.00s - SKIP set tracing of frame: /usr/local/lib/python3.12/site-packages/debugpy/_vendored/pydevd/_pydevd_bundle/pydevd_comm.py - _read_line
0.00s - SKIP set tracing of frame: /usr/local/lib/python3.12/site-packages/debugpy/_vendored/pydevd/_pydevd_bundle/pydevd_comm.py - _on_run
0.00s - SKIP set tracing of frame: /usr/local/lib/python3.12/site-packages/debugpy/_vendored/pydevd/_pydevd_bundle/pydevd_daemon_thread.py - run
0.00s - SKIP set tracing of frame: /usr/local/lib/python3.12/threading.py - _bootstrap_inner
0.00s - SKIP set tracing of frame: /usr/local/lib/python3.12/threading.py - _bootstrap
0.00s - SKIP set tracing of frame: /usr/local/lib/python3.12/threading.py - wait
0.00s - SKIP set tracing of frame: /usr/local/lib/python3.12/queue.py - get
0.00s - SKIP set tracing of frame: /usr/local/lib/python3.12/site-packages/debugpy/_vendored/pydevd/_pydevd_bundle/pydevd_comm.py - _on_run
0.00s - SKIP set tracing of frame: /usr/local/lib/python3.12/site-packages/debugpy/_vendored/pydevd/_pydevd_bundle/pydevd_daemon_thread.py - run
0.00s - SKIP set tracing of frame: /usr/local/lib/python3.12/threading.py - _bootstrap_inner
0.00s - SKIP set tracing of frame: /usr/local/lib/python3.12/threading.py - _bootstrap
0.00s - SKIP set tracing of frame: /usr/local/lib/python3.12/site-packages/debugpy/_vendored/pydevd/pydevd.py - set_tracing_for_untraced_contexts
0.00s - SKIP set tracing of frame: /usr/local/lib/python3.12/site-packages/debugpy/_vendored/pydevd/pydevd.py - _locked_settrace
0.00s - SKIP set tracing of frame: /usr/local/lib/python3.12/site-packages/debugpy/_vendored/pydevd/pydevd.py - settrace
0.00s - SKIP set tracing of frame: /usr/local/lib/python3.12/site-packages/debugpy/server/api.py - _settrace
0.00s - SKIP set tracing of frame: /usr/local/lib/python3.12/site-packages/debugpy/server/api.py - listen
0.00s - SKIP set tracing of frame: /usr/local/lib/python3.12/site-packages/debugpy/server/api.py - debug
0.00s - SKIP set tracing of frame: /usr/local/lib/python3.12/site-packages/debugpy/public_api.py - wrapper
0.00s - Set tracing of frame: /app/debug.py - <module>
0.00s - File traced: /app/debug.py (force_check_project_scope)
0.00s - SKIP set tracing of frame: <frozen importlib._bootstrap> - _call_with_frames_removed
0.00s - SKIP set tracing of frame: <frozen importlib._bootstrap_external> - exec_module
0.00s - SKIP set tracing of frame: <frozen importlib._bootstrap> - _load_unlocked
0.00s - SKIP set tracing of frame: <frozen importlib._bootstrap> - _find_and_load_unlocked
0.00s - SKIP set tracing of frame: <frozen importlib._bootstrap> - _find_and_load
0.00s - Set tracing of frame: /app/buggy_calculator_pythonic_debug.py - <module>
0.00s - File traced: /app/buggy_calculator_pythonic_debug.py (force_check_project_scope)
0.00s - SKIP set tracing of frame: /usr/local/lib/python3.12/site-packages/debugpy/_vendored/pydevd/pydevd.py - settrace
0.00s - SKIP set tracing of frame: /usr/local/lib/python3.12/site-packages/debugpy/server/api.py - _settrace
0.00s - SKIP set tracing of frame: /usr/local/lib/python3.12/site-packages/debugpy/server/api.py - listen
0.00s - SKIP set tracing of frame: /usr/local/lib/python3.12/site-packages/debugpy/server/api.py - debug
0.00s - SKIP set tracing of frame: /usr/local/lib/python3.12/site-packages/debugpy/public_api.py - wrapper
0.00s - Set tracing of frame: /app/debug.py - <module>
0.00s - SKIP set tracing of frame: <frozen importlib._bootstrap> - _call_with_frames_removed
0.00s - SKIP set tracing of frame: <frozen importlib._bootstrap_external> - exec_module
0.00s - SKIP set tracing of frame: <frozen importlib._bootstrap> - _load_unlocked
0.00s - SKIP set tracing of frame: <frozen importlib._bootstrap> - _find_and_load_unlocked
0.00s - SKIP set tracing of frame: <frozen importlib._bootstrap> - _find_and_load
0.00s - Set tracing of frame: /app/buggy_calculator_pythonic_debug.py - <module>
34.41s - PyDB.dispose_and_kill_all_pydevd_threads (called from: File "/usr/local/lib/python3.12/site-packages/debugpy/_vendored/pydevd/pydevd.py", line 1859, in process_internal_commands)
0.00s - No threads alive, finishing debug session
0.00s - PyDB.dispose_and_kill_all_pydevd_threads (first call)
0.00s - PyDB.dispose_and_kill_all_pydevd_threads (called from: File "/usr/local/lib/python3.12/site-packages/debugpy/_vendored/pydevd/pydevd.py", line 333, in _on_run)
0.00s - PyDB.dispose_and_kill_all_pydevd_threads (already disposed - wait)
0.00s - PyDB.dispose_and_kill_all_pydevd_threads no commands being processed.
0.00s - PyDB.dispose_and_kill_all_pydevd_threads waiting for pydb daemon threads to finish
0.00s - PyDB.dispose_and_kill_all_pydevd_threads killing thread: <PyDBCommandThread(pydevd.CommandThread, started daemon 140124668225216)>
0.00s - pydevd.CommandThread received kill signal
0.00s - PyDB.dispose_and_kill_all_pydevd_threads killing thread: <CheckAliveThread(pydevd.CheckAliveThread, started 140124659832512)>
0.00s - pydevd.CheckAliveThread received kill signal
0.00s - PyDB.dispose_and_kill_all_pydevd_threads killing thread: <ReaderThread(pydevd.Reader, started daemon 140124676617920)>
0.00s - pydevd.Reader received kill signal
0.00s - PyDB.dispose_and_kill_all_pydevd_threads killing thread: <WriterThread(pydevd.Writer, started daemon 140124685010624)>
0.00s - sending cmd (http_json) -->             CMD_EXIT {"type": "event", "event": "terminated", "seq": 6, "body": {}, "pydevd_cmd_id": 129}

0.00s - pydevd.Writer received kill signal
0.00s - WriterThread: CMD_EXIT received
0.00s - WriterThread: exit
0.00s - ReaderThread: empty contents received (len(line) == 0).
0.00s - PyDB.dispose_and_kill_all_pydevd_threads (called from: File "/usr/local/lib/python3.12/site-packages/debugpy/_vendored/pydevd/_pydevd_bundle/pydevd_comm.py", line 324, in _terminate_on_socket_close)
0.00s - PyDB.dispose_and_kill_all_pydevd_threads (already disposed - wait)
0.50s - The following pydb threads may not have finished correctly: pydevd.CommandThread, pydevd.Reader
0.00s - PyDB.dispose_and_kill_all_pydevd_threads: finished
0.00s - PyDB.dispose_and_kill_all_pydevd_threads: finished
0.00s - ReaderThread: exit
0.00s - pydevd.stoptrace()
0.00s - PyDB.dispose_and_kill_all_pydevd_threads: finished
