I+00000.005: Linux-5.15.146.1-microsoft-standard-WSL2-x86_64-with-glibc2.41 x86_64
             CPython 3.12.11 (64-bit)
             debugpy 1.8.16

I+00000.024: Initial environment:
             
             System paths:
                 sys.executable: /usr/local/bin/python(/usr/local/bin/python3.12)
                 sys.prefix: /usr/local
                 sys.base_prefix: /usr/local
                 sys.real_prefix: <missing>
                 site.getsitepackages(): /usr/local/lib/python3.12/site-packages
                 site.getusersitepackages(): /root/.local/lib/python3.12/site-packages
                 sys.path (site-packages): /usr/local/lib/python3.12/site-packages
                 sysconfig.get_path('stdlib'): /usr/local/lib/python3.12
                 sysconfig.get_path('platstdlib'): /usr/local/lib/python3.12
                 sysconfig.get_path('purelib'): /usr/local/lib/python3.12/site-packages
                 sysconfig.get_path('platlib'): /usr/local/lib/python3.12/site-packages
                 sysconfig.get_path('include'): /usr/local/include/python3.12
                 sysconfig.get_path('scripts'): /usr/local/bin
                 sysconfig.get_path('data'): /usr/local
                 os.__file__: /usr/local/lib/python3.12/os.py
                 threading.__file__: /usr/local/lib/python3.12/threading.py
                 debugpy.__file__: /usr/local/lib/python3.12/site-packages/debugpy/__init__.py
             
             Installed packages:
                 pip==25.0.1
                 dotenv==0.9.9
                 python-dotenv==1.1.1
                 debugpy==1.8.16

D+00000.025: listen(('0.0.0.0', 5678), **{})

I+00000.025: Initial debug configuration: {
                 "qt": "none",
                 "subProcess": true,
                 "python": "/usr/local/bin/python",
                 "pythonEnv": {}
             }

I+00000.027: Waiting for adapter endpoints on 127.0.0.1:40845...

I+00000.027: debugpy.listen() spawning adapter: [
                 "/usr/local/bin/python",
                 "/usr/local/lib/python3.12/site-packages/debugpy/adapter",
                 "--for-server",
                 "40845",
                 "--host",
                 "0.0.0.0",
                 "--port",
                 "5678",
                 "--server-access-token",
                 "7ab248f48afe8c2baff81ebab70698282316f4caa0508c71ce6ef503d1c82cf4",
                 "--log-dir",
                 "debugpy.log"
             ]

I+00000.179: Endpoints received from adapter: {
                 "client": {
                     "host": "0.0.0.0",
                     "port": 5678
                 },
                 "server": {
                     "host": "127.0.0.1",
                     "port": 50419
                 }
             }

I+00000.179: Adapter is accepting incoming client connections on 0.0.0.0:5678

D+00000.179: pydevd.settrace(*(), **{'host': '127.0.0.1', 'port': 50419, 'wait_for_ready_to_run': False, 'block_until_connected': True, 'access_token': '7ab248f48afe8c2baff81ebab70698282316f4caa0508c71ce6ef503d1c82cf4', 'suspend': False, 'patch_multiprocessing': True, 'dont_trace_start_patterns': ('/usr/local/lib/python3.12/site-packages/debugpy',), 'dont_trace_end_patterns': ('debugpy_launcher.py',)})

I+00000.315: pydevd is connected to adapter at 127.0.0.1:50419

D+00000.315: wait_for_client()

I+00035.234: Not logging to "<stderr>" anymore.

