0.86s - pydevd: Use libraries filter: False

0.00s - IDE_PROJECT_ROOTS []

0.00s - Collecting default library roots.
0.00s - LIBRARY_ROOTS ['C:\\Users\\linux\\AppData\\Local\\Programs\\Python\\Python310', 'C:\\Users\\linux\\AppData\\Local\\Programs\\Python\\Python310\\Lib', 'C:\\Users\\linux\\AppData\\Local\\Programs\\Python\\Python310\\Lib\\site-packages', 'C:\\Users\\linux\\AppData\\Local\\Programs\\Python\\Python310\\lib', 'C:\\Users\\linux\\AppData\\Local\\Programs\\Python\\Python310\\lib\\site-packages', 'C:\\Users\\linux\\AppData\\Roaming\\Python\\Python310\\site-packages']

0.00s - Apply debug mode: debugpy-dap
0.00s - Preimport: C:\Users\linux\AppData\Local\Programs\Python\Python310\lib\site-packages;debugpy._vendored.force_pydevd
0.00s - Connecting to 127.0.0.1:51434
0.02s - Connected to: <socket.socket fd=404, family=AddressFamily.AF_INET, type=SocketKind.SOCK_STREAM, proto=0, laddr=('127.0.0.1', 51436), raddr=('127.0.0.1', 51434)>.
0.00s - Applying patching to hide pydevd threads (Py3 version).
0.00s - Process PydevdAuthorizeRequest: {
    "arguments": {
        "debugServerAccessToken": "f05678ea52ab79832168b90db86b0e8eeabbfb85f5a52bd4816f5b86f9dd875e"
    },
    "command": "pydevdAuthorize",
    "seq": 1,
    "type": "request"
}

0.00s - sending cmd (http_json) -->           CMD_RETURN {"type": "response", "request_seq": 1, "success": true, "command": "pydevdAuthorize", "body": {"clientAccessToken": null}, "seq": 2, "pydevd_cmd_id": 502}

0.00s - Process PydevdSystemInfoRequest: {
    "arguments": {},
    "command": "pydevdSystemInfo",
    "seq": 2,
    "type": "request"
}

0.01s - sending cmd (http_json) -->           CMD_RETURN {"type": "response", "request_seq": 2, "success": true, "command": "pydevdSystemInfo", "body": {"python": {"version": "3.10.2final0", "implementation": {"name": "cpython", "version": "3.10.2final0", "description": "CPython"}}, "platform": {"name": "win32"}, "process": {"pid": 11156, "ppid": 24744, "executable": "C:\\Users\\linux\\AppData\\Local\\Programs\\Python\\Python310\\python.exe", "bitness": 64}, "pydevd": {"usingCython": true, "usingFrameEval": false}}, "seq": 4, "pydevd_cmd_id": 502}

0.10s - Successfully Loaded helper lib to set tracing to all threads.
0.00s - SKIP set tracing of frame: C:\Users\linux\AppData\Local\Programs\Python\Python310\lib\threading.py - wait
0.00s - SKIP set tracing of frame: C:\Users\linux\AppData\Local\Programs\Python\Python310\lib\threading.py - wait
0.00s - SKIP set tracing of frame: C:\Users\linux\AppData\Local\Programs\Python\Python310\lib\site-packages\debugpy\_vendored\pydevd\pydevd.py - _on_run
0.00s - SKIP set tracing of frame: C:\Users\linux\AppData\Local\Programs\Python\Python310\lib\site-packages\debugpy\_vendored\pydevd\_pydevd_bundle\pydevd_daemon_thread.py - run
0.00s - SKIP set tracing of frame: C:\Users\linux\AppData\Local\Programs\Python\Python310\lib\threading.py - _bootstrap_inner
0.00s - SKIP set tracing of frame: C:\Users\linux\AppData\Local\Programs\Python\Python310\lib\threading.py - _bootstrap
0.00s - SKIP set tracing of frame: C:\Users\linux\AppData\Local\Programs\Python\Python310\lib\threading.py - wait
0.00s - SKIP set tracing of frame: C:\Users\linux\AppData\Local\Programs\Python\Python310\lib\threading.py - wait
0.00s - SKIP set tracing of frame: C:\Users\linux\AppData\Local\Programs\Python\Python310\lib\site-packages\debugpy\_vendored\pydevd\pydevd.py - _on_run
0.00s - SKIP set tracing of frame: C:\Users\linux\AppData\Local\Programs\Python\Python310\lib\site-packages\debugpy\_vendored\pydevd\_pydevd_bundle\pydevd_daemon_thread.py - run
0.00s - SKIP set tracing of frame: C:\Users\linux\AppData\Local\Programs\Python\Python310\lib\threading.py - _bootstrap_inner
0.00s - SKIP set tracing of frame: C:\Users\linux\AppData\Local\Programs\Python\Python310\lib\threading.py - _bootstrap
0.00s - SKIP set tracing of frame: C:\Users\linux\AppData\Local\Programs\Python\Python310\lib\site-packages\debugpy\_vendored\pydevd\_pydevd_bundle\pydevd_comm.py - _read_line
0.00s - SKIP set tracing of frame: C:\Users\linux\AppData\Local\Programs\Python\Python310\lib\site-packages\debugpy\_vendored\pydevd\_pydevd_bundle\pydevd_comm.py - _on_run
0.00s - SKIP set tracing of frame: C:\Users\linux\AppData\Local\Programs\Python\Python310\lib\site-packages\debugpy\_vendored\pydevd\_pydevd_bundle\pydevd_daemon_thread.py - run
0.00s - SKIP set tracing of frame: C:\Users\linux\AppData\Local\Programs\Python\Python310\lib\threading.py - _bootstrap_inner
0.00s - SKIP set tracing of frame: C:\Users\linux\AppData\Local\Programs\Python\Python310\lib\threading.py - _bootstrap
0.00s - SKIP set tracing of frame: C:\Users\linux\AppData\Local\Programs\Python\Python310\lib\threading.py - wait
0.00s - SKIP set tracing of frame: C:\Users\linux\AppData\Local\Programs\Python\Python310\lib\queue.py - get
0.00s - SKIP set tracing of frame: C:\Users\linux\AppData\Local\Programs\Python\Python310\lib\site-packages\debugpy\_vendored\pydevd\_pydevd_bundle\pydevd_comm.py - _on_run
0.00s - SKIP set tracing of frame: C:\Users\linux\AppData\Local\Programs\Python\Python310\lib\site-packages\debugpy\_vendored\pydevd\_pydevd_bundle\pydevd_daemon_thread.py - run
0.00s - SKIP set tracing of frame: C:\Users\linux\AppData\Local\Programs\Python\Python310\lib\threading.py - _bootstrap_inner
0.00s - SKIP set tracing of frame: C:\Users\linux\AppData\Local\Programs\Python\Python310\lib\threading.py - _bootstrap
0.00s - SKIP set tracing of frame: C:\Users\linux\AppData\Local\Programs\Python\Python310\lib\site-packages\debugpy\_vendored\pydevd\pydevd.py - set_tracing_for_untraced_contexts
0.00s - SKIP set tracing of frame: C:\Users\linux\AppData\Local\Programs\Python\Python310\lib\site-packages\debugpy\_vendored\pydevd\pydevd.py - _locked_settrace
0.00s - SKIP set tracing of frame: C:\Users\linux\AppData\Local\Programs\Python\Python310\lib\site-packages\debugpy\_vendored\pydevd\pydevd.py - settrace
0.00s - SKIP set tracing of frame: C:\Users\linux\AppData\Local\Programs\Python\Python310\lib\site-packages\debugpy\server\api.py - _settrace
0.00s - SKIP set tracing of frame: C:\Users\linux\AppData\Local\Programs\Python\Python310\lib\site-packages\debugpy\server\api.py - listen
0.00s - SKIP set tracing of frame: C:\Users\linux\AppData\Local\Programs\Python\Python310\lib\site-packages\debugpy\server\api.py - debug
0.00s - SKIP set tracing of frame: C:\Users\linux\AppData\Local\Programs\Python\Python310\lib\site-packages\debugpy\public_api.py - wrapper
0.00s - Set tracing of frame: E:\9_kubernetes\python-debugger\debug-attach-mode-prod-safe\debug.py - <module>
0.00s - SKIP set tracing of frame: <frozen importlib._bootstrap> - _call_with_frames_removed
0.00s - SKIP set tracing of frame: <frozen importlib._bootstrap_external> - exec_module
0.00s - SKIP set tracing of frame: <frozen importlib._bootstrap> - _load_unlocked
0.00s - SKIP set tracing of frame: <frozen importlib._bootstrap> - _find_and_load_unlocked
0.00s - SKIP set tracing of frame: <frozen importlib._bootstrap> - _find_and_load
0.00s - Set tracing of frame: E:\9_kubernetes\python-debugger\debug-attach-mode-prod-safe\buggy_calculator_pythonic_debug.py - <module>
0.00s - SKIP set tracing of frame: C:\Users\linux\AppData\Local\Programs\Python\Python310\lib\site-packages\debugpy\_vendored\pydevd\pydevd.py - settrace
0.00s - SKIP set tracing of frame: C:\Users\linux\AppData\Local\Programs\Python\Python310\lib\site-packages\debugpy\server\api.py - _settrace
0.00s - SKIP set tracing of frame: C:\Users\linux\AppData\Local\Programs\Python\Python310\lib\site-packages\debugpy\server\api.py - listen
0.00s - SKIP set tracing of frame: C:\Users\linux\AppData\Local\Programs\Python\Python310\lib\site-packages\debugpy\server\api.py - debug
0.00s - SKIP set tracing of frame: C:\Users\linux\AppData\Local\Programs\Python\Python310\lib\site-packages\debugpy\public_api.py - wrapper
0.00s - SKIP set tracing of frame: <frozen importlib._bootstrap> - _call_with_frames_removed
0.00s - SKIP set tracing of frame: <frozen importlib._bootstrap_external> - exec_module
0.00s - SKIP set tracing of frame: <frozen importlib._bootstrap> - _load_unlocked
0.00s - SKIP set tracing of frame: <frozen importlib._bootstrap> - _find_and_load_unlocked
0.00s - SKIP set tracing of frame: <frozen importlib._bootstrap> - _find_and_load
41.28s - Process PydevdAuthorizeRequest: {
    "arguments": {
        "debugServerAccessToken": "f05678ea52ab79832168b90db86b0e8eeabbfb85f5a52bd4816f5b86f9dd875e"
    },
    "command": "pydevdAuthorize",
    "seq": 3,
    "type": "request"
}

0.00s - sending cmd (http_json) -->           CMD_RETURN {"type": "response", "request_seq": 3, "success": true, "command": "pydevdAuthorize", "body": {"clientAccessToken": null}, "seq": 6, "pydevd_cmd_id": 502}

0.00s - Process InitializeRequest: {
    "arguments": {
        "adapterID": "debugpy",
        "clientID": "vscode",
        "clientName": "Visual Studio Code",
        "columnsStartAt1": true,
        "linesStartAt1": true,
        "locale": "en",
        "pathFormat": "path",
        "supportsANSIStyling": true,
        "supportsArgsCanBeInterpretedByShell": true,
        "supportsInvalidatedEvent": true,
        "supportsMemoryEvent": true,
        "supportsMemoryReferences": true,
        "supportsProgressReporting": true,
        "supportsRunInTerminalRequest": true,
        "supportsStartDebuggingRequest": true,
        "supportsVariablePaging": true,
        "supportsVariableType": true
    },
    "command": "initialize",
    "seq": 4,
    "type": "request"
}

0.00s - sending cmd (http_json) -->           CMD_RETURN {"type": "response", "request_seq": 4, "success": true, "command": "initialize", "seq": 8, "body": {"supportsConfigurationDoneRequest": true, "supportsFunctionBreakpoints": true, "supportsConditionalBreakpoints": true, "supportsHitConditionalBreakpoints": true, "supportsEvaluateForHovers": true, "exceptionBreakpointFilters": [{"filter": "raised", "label": "Raised Exceptions", "default": false}, {"filter": "uncaught", "label": "Uncaught Exceptions", "default": true}, {"filter": "userUnhandled", "label": "User Uncaught Exceptions", "default": false}], "supportsStepBack": false, "supportsSetVariable": true, "supportsRestartFrame": false, "supportsGotoTargetsRequest": true, "supportsStepInTargetsRequest": true, "supportsCompletionsRequest": true, "completionTriggerCharacters": [], "supportsModulesRequest": true, "additionalModuleColumns": [], "supportedChecksumAlgorithms": [], "supportsRestartRequest": false, "supportsExceptionOptions": true, "supportsValueFormattingOptions": true, "supportsExceptionInfoRequest": true, "supportTerminateDebuggee": true, "supportsDelayedStackTraceLoading": true, "supportsLoadedSourcesRequest": false, "supportsLogPoints": true, "supportsTerminateThreadsRequest": false, "supportsSetExpression": true, "supportsTerminateRequest": true, "supportsDataBreakpoints": false, "supportsReadMemoryRequest": false, "supportsDisassembleRequest": false, "supportsClipboardContext": true, "supportsDebuggerProperties": true, "pydevd": {"processId": 11156}}, "pydevd_cmd_id": 502}

0.00s - Process AttachRequest: {
    "arguments": {
        "__configurationTarget": 6,
        "__sessionId": "73e34055-a695-44ee-ae5e-41709930ebd1",
        "clientOS": "windows",
        "connect": {
            "host": "localhost",
            "port": 5678
        },
        "debugOptions": [
            "RedirectOutput",
            "ShowReturnValue"
        ],
        "justMyCode": false,
        "name": "Python: Attach using Debugpy",
        "request": "attach",
        "showReturnValue": true,
        "type": "debugpy",
        "workspaceFolder": "e:\\9_kubernetes\\python-debugger"
    },
    "command": "attach",
    "seq": 5,
    "type": "request"
}

0.00s - sending cmd (http_json) -->    CMD_PROCESS_EVENT {"type": "event", "event": "process", "body": {"name": "buggy_calculator_pythonic_debug.py", "systemProcessId": 11156, "isLocalProcess": true, "startMethod": "attach"}, "seq": 10, "pydevd_cmd_id": 204}

0.00s - pydevd: Use libraries filter: False

0.00s - Show return values: True
0.00s - sending cmd (http_json) -->           CMD_RETURN {"type": "event", "event": "initialized", "seq": 12, "pydevd_cmd_id": 502}

0.00s - sending cmd (http_json) -->           CMD_RETURN {"type": "response", "request_seq": 5, "success": true, "command": "attach", "seq": 14, "pydevd_cmd_id": 502}

0.00s - sending cmd (http_json) -->    CMD_THREAD_CREATE {"type": "event", "event": "thread", "body": {"reason": "started", "threadId": 1}, "seq": 16, "pydevd_cmd_id": 103}

0.02s - Process SetFunctionBreakpointsRequest: {
    "arguments": {
        "breakpoints": []
    },
    "command": "setFunctionBreakpoints",
    "seq": 6,
    "type": "request"
}

0.00s - SKIP set tracing of frame: C:\Users\linux\AppData\Local\Programs\Python\Python310\lib\threading.py - wait
0.00s - SKIP set tracing of frame: C:\Users\linux\AppData\Local\Programs\Python\Python310\lib\threading.py - wait
0.00s - SKIP set tracing of frame: C:\Users\linux\AppData\Local\Programs\Python\Python310\lib\site-packages\debugpy\_vendored\pydevd\pydevd.py - _on_run
0.00s - SKIP set tracing of frame: C:\Users\linux\AppData\Local\Programs\Python\Python310\lib\site-packages\debugpy\_vendored\pydevd\_pydevd_bundle\pydevd_daemon_thread.py - run
0.00s - SKIP set tracing of frame: C:\Users\linux\AppData\Local\Programs\Python\Python310\lib\threading.py - _bootstrap_inner
0.00s - SKIP set tracing of frame: C:\Users\linux\AppData\Local\Programs\Python\Python310\lib\threading.py - _bootstrap
0.00s - SKIP set tracing of frame: C:\Users\linux\AppData\Local\Programs\Python\Python310\lib\threading.py - wait
0.00s - SKIP set tracing of frame: C:\Users\linux\AppData\Local\Programs\Python\Python310\lib\threading.py - wait
0.00s - SKIP set tracing of frame: C:\Users\linux\AppData\Local\Programs\Python\Python310\lib\site-packages\debugpy\_vendored\pydevd\pydevd.py - _on_run
0.00s - SKIP set tracing of frame: C:\Users\linux\AppData\Local\Programs\Python\Python310\lib\site-packages\debugpy\_vendored\pydevd\_pydevd_bundle\pydevd_daemon_thread.py - run
0.00s - SKIP set tracing of frame: C:\Users\linux\AppData\Local\Programs\Python\Python310\lib\threading.py - _bootstrap_inner
0.00s - SKIP set tracing of frame: C:\Users\linux\AppData\Local\Programs\Python\Python310\lib\threading.py - _bootstrap
0.00s - SKIP set tracing of frame: C:\Users\linux\AppData\Local\Programs\Python\Python310\lib\site-packages\debugpy\_vendored\pydevd\pydevd.py - set_tracing_for_untraced_contexts
0.00s - SKIP set tracing of frame: C:\Users\linux\AppData\Local\Programs\Python\Python310\lib\site-packages\debugpy\_vendored\pydevd\pydevd.py - on_breakpoints_changed
0.00s - SKIP set tracing of frame: C:\Users\linux\AppData\Local\Programs\Python\Python310\lib\site-packages\debugpy\_vendored\pydevd\_pydevd_bundle\pydevd_api.py - set_function_breakpoints
0.00s - SKIP set tracing of frame: C:\Users\linux\AppData\Local\Programs\Python\Python310\lib\site-packages\debugpy\_vendored\pydevd\_pydevd_bundle\pydevd_process_net_command_json.py - on_setfunctionbreakpoints_request
0.00s - SKIP set tracing of frame: C:\Users\linux\AppData\Local\Programs\Python\Python310\lib\site-packages\debugpy\_vendored\pydevd\_pydevd_bundle\pydevd_process_net_command_json.py - process_net_command_json
0.00s - SKIP set tracing of frame: C:\Users\linux\AppData\Local\Programs\Python\Python310\lib\site-packages\debugpy\_vendored\pydevd\_pydevd_bundle\pydevd_comm.py - _on_run
0.00s - SKIP set tracing of frame: C:\Users\linux\AppData\Local\Programs\Python\Python310\lib\site-packages\debugpy\_vendored\pydevd\_pydevd_bundle\pydevd_daemon_thread.py - run
0.00s - SKIP set tracing of frame: C:\Users\linux\AppData\Local\Programs\Python\Python310\lib\threading.py - _bootstrap_inner
0.00s - SKIP set tracing of frame: C:\Users\linux\AppData\Local\Programs\Python\Python310\lib\threading.py - _bootstrap
0.00s - SKIP set tracing of frame: C:\Users\linux\AppData\Local\Programs\Python\Python310\lib\threading.py - wait
0.00s - SKIP set tracing of frame: C:\Users\linux\AppData\Local\Programs\Python\Python310\lib\queue.py - get
0.00s - SKIP set tracing of frame: C:\Users\linux\AppData\Local\Programs\Python\Python310\lib\site-packages\debugpy\_vendored\pydevd\_pydevd_bundle\pydevd_comm.py - _on_run
0.00s - SKIP set tracing of frame: C:\Users\linux\AppData\Local\Programs\Python\Python310\lib\site-packages\debugpy\_vendored\pydevd\_pydevd_bundle\pydevd_daemon_thread.py - run
0.00s - SKIP set tracing of frame: C:\Users\linux\AppData\Local\Programs\Python\Python310\lib\threading.py - _bootstrap_inner
0.00s - SKIP set tracing of frame: C:\Users\linux\AppData\Local\Programs\Python\Python310\lib\threading.py - _bootstrap
0.00s - SKIP set tracing of frame: C:\Users\linux\AppData\Local\Programs\Python\Python310\lib\threading.py - wait
0.00s - SKIP set tracing of frame: C:\Users\linux\AppData\Local\Programs\Python\Python310\lib\threading.py - wait
0.00s - SKIP set tracing of frame: C:\Users\linux\AppData\Local\Programs\Python\Python310\lib\site-packages\debugpy\_vendored\pydevd\pydevd.py - block_until_configuration_done
0.00s - SKIP set tracing of frame: C:\Users\linux\AppData\Local\Programs\Python\Python310\lib\site-packages\debugpy\_vendored\pydevd\pydevd.py - _wait_for_attach
0.00s - SKIP set tracing of frame: C:\Users\linux\AppData\Local\Programs\Python\Python310\lib\site-packages\debugpy\server\api.py - __call__
0.00s - SKIP set tracing of frame: C:\Users\linux\AppData\Local\Programs\Python\Python310\lib\site-packages\debugpy\public_api.py - wrapper
0.00s - Set tracing of frame: E:\9_kubernetes\python-debugger\debug-attach-mode-prod-safe\debug.py - <module>
0.00s - SKIP set tracing of frame: <frozen importlib._bootstrap> - _call_with_frames_removed
0.00s - SKIP set tracing of frame: <frozen importlib._bootstrap_external> - exec_module
0.00s - SKIP set tracing of frame: <frozen importlib._bootstrap> - _load_unlocked
0.00s - SKIP set tracing of frame: <frozen importlib._bootstrap> - _find_and_load_unlocked
0.00s - SKIP set tracing of frame: <frozen importlib._bootstrap> - _find_and_load
0.00s - Set tracing of frame: E:\9_kubernetes\python-debugger\debug-attach-mode-prod-safe\buggy_calculator_pythonic_debug.py - <module>
0.00s - sending cmd (http_json) -->           CMD_RETURN {"type": "response", "request_seq": 6, "success": true, "command": "setFunctionBreakpoints", "body": {"breakpoints": []}, "seq": 18, "pydevd_cmd_id": 502}

0.00s - Process SetExceptionBreakpointsRequest: {
    "arguments": {
        "filters": [
            "raised",
            "uncaught",
            "userUnhandled"
        ]
    },
    "command": "setExceptionBreakpoints",
    "seq": 7,
    "type": "request"
}

0.00s - Exceptions to hook on terminate: {'BaseException': <_pydevd_bundle.pydevd_breakpoints.ExceptionBreakpoint object at 0x00000177437B3970>}.
0.00s - Exceptions to hook always: {'BaseException': <_pydevd_bundle.pydevd_breakpoints.ExceptionBreakpoint object at 0x00000177437B3970>}.
0.00s - Exceptions to hook on user uncaught code: {'BaseException': <_pydevd_bundle.pydevd_breakpoints.ExceptionBreakpoint object at 0x00000177437B3970>}.
0.00s - SKIP set tracing of frame: C:\Users\linux\AppData\Local\Programs\Python\Python310\lib\threading.py - wait
0.00s - SKIP set tracing of frame: C:\Users\linux\AppData\Local\Programs\Python\Python310\lib\threading.py - wait
0.00s - SKIP set tracing of frame: C:\Users\linux\AppData\Local\Programs\Python\Python310\lib\site-packages\debugpy\_vendored\pydevd\pydevd.py - _on_run
0.00s - SKIP set tracing of frame: C:\Users\linux\AppData\Local\Programs\Python\Python310\lib\site-packages\debugpy\_vendored\pydevd\_pydevd_bundle\pydevd_daemon_thread.py - run
0.00s - SKIP set tracing of frame: C:\Users\linux\AppData\Local\Programs\Python\Python310\lib\threading.py - _bootstrap_inner
0.00s - SKIP set tracing of frame: C:\Users\linux\AppData\Local\Programs\Python\Python310\lib\threading.py - _bootstrap
0.00s - SKIP set tracing of frame: C:\Users\linux\AppData\Local\Programs\Python\Python310\lib\threading.py - wait
0.00s - SKIP set tracing of frame: C:\Users\linux\AppData\Local\Programs\Python\Python310\lib\threading.py - wait
0.00s - SKIP set tracing of frame: C:\Users\linux\AppData\Local\Programs\Python\Python310\lib\site-packages\debugpy\_vendored\pydevd\pydevd.py - _on_run
0.00s - SKIP set tracing of frame: C:\Users\linux\AppData\Local\Programs\Python\Python310\lib\site-packages\debugpy\_vendored\pydevd\_pydevd_bundle\pydevd_daemon_thread.py - run
0.00s - SKIP set tracing of frame: C:\Users\linux\AppData\Local\Programs\Python\Python310\lib\threading.py - _bootstrap_inner
0.00s - SKIP set tracing of frame: C:\Users\linux\AppData\Local\Programs\Python\Python310\lib\threading.py - _bootstrap
0.00s - SKIP set tracing of frame: C:\Users\linux\AppData\Local\Programs\Python\Python310\lib\site-packages\debugpy\_vendored\pydevd\pydevd.py - set_tracing_for_untraced_contexts
0.00s - SKIP set tracing of frame: C:\Users\linux\AppData\Local\Programs\Python\Python310\lib\site-packages\debugpy\_vendored\pydevd\pydevd.py - on_breakpoints_changed
0.00s - SKIP set tracing of frame: C:\Users\linux\AppData\Local\Programs\Python\Python310\lib\site-packages\debugpy\_vendored\pydevd\_pydevd_bundle\pydevd_api.py - add_python_exception_breakpoint
0.00s - SKIP set tracing of frame: C:\Users\linux\AppData\Local\Programs\Python\Python310\lib\site-packages\debugpy\_vendored\pydevd\_pydevd_bundle\pydevd_process_net_command_json.py - on_setexceptionbreakpoints_request
0.00s - SKIP set tracing of frame: C:\Users\linux\AppData\Local\Programs\Python\Python310\lib\site-packages\debugpy\_vendored\pydevd\_pydevd_bundle\pydevd_process_net_command_json.py - process_net_command_json
0.00s - SKIP set tracing of frame: C:\Users\linux\AppData\Local\Programs\Python\Python310\lib\site-packages\debugpy\_vendored\pydevd\_pydevd_bundle\pydevd_comm.py - _on_run
0.00s - SKIP set tracing of frame: C:\Users\linux\AppData\Local\Programs\Python\Python310\lib\site-packages\debugpy\_vendored\pydevd\_pydevd_bundle\pydevd_daemon_thread.py - run
0.00s - SKIP set tracing of frame: C:\Users\linux\AppData\Local\Programs\Python\Python310\lib\threading.py - _bootstrap_inner
0.00s - SKIP set tracing of frame: C:\Users\linux\AppData\Local\Programs\Python\Python310\lib\threading.py - _bootstrap
0.00s - SKIP set tracing of frame: C:\Users\linux\AppData\Local\Programs\Python\Python310\lib\site-packages\debugpy\_vendored\pydevd\_pydevd_bundle\pydevd_comm.py - _on_run
0.00s - SKIP set tracing of frame: C:\Users\linux\AppData\Local\Programs\Python\Python310\lib\site-packages\debugpy\_vendored\pydevd\_pydevd_bundle\pydevd_daemon_thread.py - run
0.00s - SKIP set tracing of frame: C:\Users\linux\AppData\Local\Programs\Python\Python310\lib\threading.py - _bootstrap_inner
0.00s - SKIP set tracing of frame: C:\Users\linux\AppData\Local\Programs\Python\Python310\lib\threading.py - _bootstrap
0.00s - SKIP set tracing of frame: C:\Users\linux\AppData\Local\Programs\Python\Python310\lib\threading.py - wait
0.00s - SKIP set tracing of frame: C:\Users\linux\AppData\Local\Programs\Python\Python310\lib\threading.py - wait
0.00s - SKIP set tracing of frame: C:\Users\linux\AppData\Local\Programs\Python\Python310\lib\site-packages\debugpy\_vendored\pydevd\pydevd.py - block_until_configuration_done
0.00s - SKIP set tracing of frame: C:\Users\linux\AppData\Local\Programs\Python\Python310\lib\site-packages\debugpy\_vendored\pydevd\pydevd.py - _wait_for_attach
0.00s - SKIP set tracing of frame: C:\Users\linux\AppData\Local\Programs\Python\Python310\lib\site-packages\debugpy\server\api.py - __call__
0.00s - SKIP set tracing of frame: C:\Users\linux\AppData\Local\Programs\Python\Python310\lib\site-packages\debugpy\public_api.py - wrapper
0.00s - SKIP set tracing of frame: <frozen importlib._bootstrap> - _call_with_frames_removed
0.00s - SKIP set tracing of frame: <frozen importlib._bootstrap_external> - exec_module
0.00s - SKIP set tracing of frame: <frozen importlib._bootstrap> - _load_unlocked
0.00s - SKIP set tracing of frame: <frozen importlib._bootstrap> - _find_and_load_unlocked
0.00s - SKIP set tracing of frame: <frozen importlib._bootstrap> - _find_and_load
0.00s - sending cmd (http_json) -->           CMD_RETURN {"type": "response", "request_seq": 7, "success": true, "command": "setExceptionBreakpoints", "seq": 20, "body": {}, "pydevd_cmd_id": 502}

0.01s - Process ConfigurationDoneRequest: {
    "arguments": {},
    "command": "configurationDone",
    "seq": 8,
    "type": "request"
}

0.00s - sending cmd (http_json) -->           CMD_RETURN {"type": "response", "request_seq": 8, "success": true, "command": "configurationDone", "seq": 22, "pydevd_cmd_id": 502}

0.00s - sending cmd (http_json) --> CMD_WRITE_TO_CONSOLE {"type": "event", "event": "output", "body": {"output": "Debugger is attached! \ud83d\ude80", "category": "stdout", "source": {}}, "seq": 24, "pydevd_cmd_id": 116}

0.00s - sending cmd (http_json) --> CMD_WRITE_TO_CONSOLE {"type": "event", "event": "output", "body": {"output": "\n", "category": "stdout", "source": {}}, "seq": 26, "pydevd_cmd_id": 116}

0.00s - sending cmd (http_json) --> CMD_WRITE_TO_CONSOLE {"type": "event", "event": "output", "body": {"output": "Numbers: 6, 0", "category": "stdout", "source": {}}, "seq": 28, "pydevd_cmd_id": 116}

0.00s - sending cmd (http_json) --> CMD_WRITE_TO_CONSOLE {"type": "event", "event": "output", "body": {"output": "\n", "category": "stdout", "source": {}}, "seq": 30, "pydevd_cmd_id": 116}

0.00s - sending cmd (http_json) --> CMD_WRITE_TO_CONSOLE {"type": "event", "event": "output", "body": {"output": "Add:", "category": "stdout", "source": {}}, "seq": 32, "pydevd_cmd_id": 116}

0.00s - sending cmd (http_json) --> CMD_WRITE_TO_CONSOLE {"type": "event", "event": "output", "body": {"output": " ", "category": "stdout", "source": {}}, "seq": 34, "pydevd_cmd_id": 116}

0.00s - sending cmd (http_json) --> CMD_WRITE_TO_CONSOLE {"type": "event", "event": "output", "body": {"output": "6", "category": "stdout", "source": {}}, "seq": 36, "pydevd_cmd_id": 116}

0.00s - sending cmd (http_json) --> CMD_WRITE_TO_CONSOLE {"type": "event", "event": "output", "body": {"output": "\n", "category": "stdout", "source": {}}, "seq": 38, "pydevd_cmd_id": 116}

0.00s - sending cmd (http_json) --> CMD_WRITE_TO_CONSOLE {"type": "event", "event": "output", "body": {"output": "Subtract:", "category": "stdout", "source": {}}, "seq": 40, "pydevd_cmd_id": 116}

0.00s - sending cmd (http_json) --> CMD_WRITE_TO_CONSOLE {"type": "event", "event": "output", "body": {"output": " ", "category": "stdout", "source": {}}, "seq": 42, "pydevd_cmd_id": 116}

0.00s - sending cmd (http_json) --> CMD_WRITE_TO_CONSOLE {"type": "event", "event": "output", "body": {"output": "6", "category": "stdout", "source": {}}, "seq": 44, "pydevd_cmd_id": 116}

0.00s - sending cmd (http_json) --> CMD_WRITE_TO_CONSOLE {"type": "event", "event": "output", "body": {"output": "\n", "category": "stdout", "source": {}}, "seq": 46, "pydevd_cmd_id": 116}

0.00s - Process ThreadsRequest: {
    "command": "threads",
    "seq": 9,
    "type": "request"
}

0.00s - sending cmd (http_json) --> CMD_WRITE_TO_CONSOLE {"type": "event", "event": "output", "body": {"output": "Multiply:", "category": "stdout", "source": {}}, "seq": 48, "pydevd_cmd_id": 116}

0.00s - sending cmd (http_json) -->           CMD_RETURN {"type": "response", "request_seq": 9, "success": true, "command": "threads", "body": {"threads": [{"id": 1, "name": "MainThread"}]}, "seq": 50, "pydevd_cmd_id": 502}

0.00s - sending cmd (http_json) --> CMD_WRITE_TO_CONSOLE {"type": "event", "event": "output", "body": {"output": " ", "category": "stdout", "source": {}}, "seq": 52, "pydevd_cmd_id": 116}

0.00s - sending cmd (http_json) --> CMD_WRITE_TO_CONSOLE {"type": "event", "event": "output", "body": {"output": "6", "category": "stdout", "source": {}}, "seq": 54, "pydevd_cmd_id": 116}

0.00s - sending cmd (http_json) --> CMD_WRITE_TO_CONSOLE {"type": "event", "event": "output", "body": {"output": "\n", "category": "stdout", "source": {}}, "seq": 56, "pydevd_cmd_id": 116}

0.00s - File traced: E:\9_kubernetes\python-debugger\debug-attach-mode-prod-safe\buggy_calculator_pythonic_debug.py (force_check_project_scope)
0.00s - Suspending all threads except: <_MainThread(MainThread, started 10308)>
0.00s - PyDB.do_wait_suspend
name: divide (line: 14)
 file: E:\9_kubernetes\python-debugger\debug-attach-mode-prod-safe\buggy_calculator_pythonic_debug.py
 event: exception
 arg: (<class 'ValueError'>, ValueError('Division by zero!'), <traceback object at 0x00000177437F4880>)
 step: CMD_STEP_INTO (original step: <Unknown: -1>)
 thread: <_MainThread(MainThread, started 10308)>, thread id: pid_11156_id_1611703048352, id(thread): 1611703048352
0.00s -   Stack: E:\9_kubernetes\python-debugger\debug-attach-mode-prod-safe\buggy_calculator_pythonic_debug.py, divide, 14
0.00s -   Stack: E:\9_kubernetes\python-debugger\debug-attach-mode-prod-safe\buggy_calculator_pythonic_debug.py, calculator, 31
0.00s -   Stack: E:\9_kubernetes\python-debugger\debug-attach-mode-prod-safe\buggy_calculator_pythonic_debug.py, <module>, 35
0.00s - Skipping per-thread thread suspend notification.
0.00s - Thread suspend mode: single notification
0.00s - Sending suspend notification.
0.00s - sending cmd (http_json) --> CMD_THREAD_SUSPEND_SINGLE_NOTIFICATION {"type": "event", "event": "stopped", "body": {"reason": "exception", "description": "Division by zero!", "threadId": 1, "preserveFocusHint": false, "text": "ValueError", "allThreadsStopped": true}, "seq": 58, "pydevd_cmd_id": 157}

0.03s - Process ThreadsRequest: {
    "command": "threads",
    "seq": 10,
    "type": "request"
}

0.00s - sending cmd (http_json) -->           CMD_RETURN {"type": "response", "request_seq": 10, "success": true, "command": "threads", "body": {"threads": [{"id": 1, "name": "MainThread"}]}, "seq": 60, "pydevd_cmd_id": 502}

0.00s - Process StackTraceRequest: {
    "arguments": {
        "format": {},
        "levels": 1,
        "startFrame": 0,
        "threadId": 1
    },
    "command": "stackTrace",
    "seq": 11,
    "type": "request"
}

0.00s - sending cmd (http_json) -->     CMD_MODULE_EVENT {"type": "event", "event": "module", "body": {"reason": "new", "module": {"id": 0, "name": "__main__", "path": "E:\\9_kubernetes\\python-debugger\\debug-attach-mode-prod-safe\\buggy_calculator_pythonic_debug.py", "package": "None"}}, "seq": 62, "pydevd_cmd_id": 203}

0.00s - sending cmd (http_json) -->           CMD_RETURN {"type": "response", "request_seq": 11, "success": true, "command": "stackTrace", "body": {"stackFrames": [{"id": 2, "name": "divide", "line": 14, "column": 1, "source": {"path": "E:\\9_kubernetes\\python-debugger\\debug-attach-mode-prod-safe\\buggy_calculator_pythonic_debug.py", "sourceReference": 0}}], "totalFrames": 3}, "seq": 64, "pydevd_cmd_id": 502}

0.02s - Process ExceptionInfoRequest: {
    "arguments": {
        "threadId": 1
    },
    "command": "exceptionInfo",
    "seq": 12,
    "type": "request"
}

0.00s - processing internal command: InternalThreadCommands(<function internal_get_exception_details_json at 0x000001774357AF80>, (<_pydevd_bundle._debug_adapter.pydevd_schema.ExceptionInfoRequest object at 0x0000017743732C20>, 'pid_11156_id_1611703048352', <_MainThread(MainThread, started 10308)>, 0), {'set_additional_thread_info': <cyfunction set_additional_thread_info at 0x00000177432EB1D0>, 'iter_visible_frames_info': <bound method NetCommandFactory._iter_visible_frames_info of <_pydevd_bundle.pydevd_net_command_factory_json.NetCommandFactoryJson object at 0x0000017743727FD0>>})
0.00s - sending cmd (http_json) -->           CMD_RETURN {"type": "response", "request_seq": 12, "success": true, "command": "exceptionInfo", "body": {"exceptionId": "ValueError", "breakMode": "always", "description": "Division by zero!", "details": {"message": "Division by zero!", "typeName": "ValueError", "stackTrace": "  File \"E:\\9_kubernetes\\python-debugger\\debug-attach-mode-prod-safe\\buggy_calculator_pythonic_debug.py\", line 14, in divide\n    raise ValueError(\"Division by zero!\")\n  File \"E:\\9_kubernetes\\python-debugger\\debug-attach-mode-prod-safe\\buggy_calculator_pythonic_debug.py\", line 31, in calculator\n    result4 = divide(x, y)\n  File \"E:\\9_kubernetes\\python-debugger\\debug-attach-mode-prod-safe\\buggy_calculator_pythonic_debug.py\", line 35, in <module>\n    calculator()\nValueError: Division by zero!\n", "source": "E:\\9_kubernetes\\python-debugger\\debug-attach-mode-prod-safe\\buggy_calculator_pythonic_debug.py"}}, "seq": 66, "pydevd_cmd_id": 502}

0.10s - Process ThreadsRequest: {
    "command": "threads",
    "seq": 13,
    "type": "request"
}

0.00s - sending cmd (http_json) -->           CMD_RETURN {"type": "response", "request_seq": 13, "success": true, "command": "threads", "body": {"threads": [{"id": 1, "name": "MainThread"}]}, "seq": 68, "pydevd_cmd_id": 502}

0.01s - Process ScopesRequest: {
    "arguments": {
        "frameId": 2
    },
    "command": "scopes",
    "seq": 14,
    "type": "request"
}

0.00s - sending cmd (http_json) -->           CMD_RETURN {"type": "response", "request_seq": 14, "success": true, "command": "scopes", "body": {"scopes": [{"name": "Locals", "variablesReference": 3, "expensive": false, "presentationHint": "locals", "source": {}}, {"name": "Globals", "variablesReference": 4, "expensive": false, "source": {}}]}, "seq": 70, "pydevd_cmd_id": 502}

0.01s - Process VariablesRequest: {
    "arguments": {
        "format": {},
        "variablesReference": 3
    },
    "command": "variables",
    "seq": 15,
    "type": "request"
}

0.00s - processing internal command: InternalThreadCommands(<function internal_get_variable_json at 0x000001774357A200>, (<_pydevd_bundle._debug_adapter.pydevd_schema.VariablesRequest object at 0x0000017743732C20>,), {})
0.00s - sending cmd (http_json) -->           CMD_RETURN {"type": "response", "request_seq": 15, "success": true, "command": "variables", "body": {"variables": [{"name": "special variables", "value": "", "type": "", "evaluateName": "special variables", "variablesReference": 5}, {"name": "a", "value": "6", "type": "int", "evaluateName": "a", "variablesReference": 0}, {"name": "b", "value": "0", "type": "int", "evaluateName": "b", "variablesReference": 0}]}, "seq": 72, "pydevd_cmd_id": 502}

0.29s - Process StackTraceRequest: {
    "arguments": {
        "format": {},
        "levels": 19,
        "startFrame": 1,
        "threadId": 1
    },
    "command": "stackTrace",
    "seq": 16,
    "type": "request"
}

0.00s - sending cmd (http_json) -->           CMD_RETURN {"type": "response", "request_seq": 16, "success": true, "command": "stackTrace", "body": {"stackFrames": [{"id": 6, "name": "calculator", "line": 31, "column": 1, "source": {"path": "E:\\9_kubernetes\\python-debugger\\debug-attach-mode-prod-safe\\buggy_calculator_pythonic_debug.py", "sourceReference": 0}}, {"id": 7, "name": "<module>", "line": 35, "column": 1, "source": {"path": "E:\\9_kubernetes\\python-debugger\\debug-attach-mode-prod-safe\\buggy_calculator_pythonic_debug.py", "sourceReference": 0}}], "totalFrames": 3}, "seq": 74, "pydevd_cmd_id": 502}

5.17s - Process StepInRequest: {
    "arguments": {
        "threadId": 1
    },
    "command": "stepIn",
    "seq": 17,
    "type": "request"
}

0.00s - sending cmd (http_json) -->           CMD_RETURN {"type": "response", "request_seq": 17, "success": true, "command": "stepIn", "seq": 76, "pydevd_cmd_id": 502}

0.00s - processing internal command: InternalThreadCommands(<function internal_step_in_thread at 0x0000017743579D80>, ('pid_11156_id_1611703048352', 107), {'set_additional_thread_info': <cyfunction set_additional_thread_info at 0x00000177432EB1D0>})
0.00s - Resuming threads: * (except thread: <_MainThread(MainThread, started 10308)>)
0.00s - Skipped resuming thread: <_MainThread(MainThread, started 10308)>
0.00s - Set tracing of frame: E:\9_kubernetes\python-debugger\debug-attach-mode-prod-safe\buggy_calculator_pythonic_debug.py - divide
0.00s - Set tracing of frame: E:\9_kubernetes\python-debugger\debug-attach-mode-prod-safe\buggy_calculator_pythonic_debug.py - calculator
0.00s - Set tracing of frame: E:\9_kubernetes\python-debugger\debug-attach-mode-prod-safe\buggy_calculator_pythonic_debug.py - <module>
0.00s - Sending resume notification.
0.00s - sending cmd (http_json) --> CMD_THREAD_RESUME_SINGLE_NOTIFICATION {"type": "event", "event": "continued", "body": {"threadId": 1, "allThreadsContinued": true}, "seq": 78, "pydevd_cmd_id": 158}

0.00s - Leaving PyDB.do_wait_suspend: <_MainThread(MainThread, started 10308)> (pid_11156_id_1611703048352) 1611703048352
0.00s - Suspending all threads except: <_MainThread(MainThread, started 10308)>
0.00s - PyDB.do_wait_suspend
name: calculator (line: 31)
 file: E:\9_kubernetes\python-debugger\debug-attach-mode-prod-safe\buggy_calculator_pythonic_debug.py
 event: return
 arg: None
 step: CMD_STEP_INTO (original step: CMD_STEP_INTO)
 thread: <_MainThread(MainThread, started 10308)>, thread id: pid_11156_id_1611703048352, id(thread): 1611703048352
0.00s -   Stack: E:\9_kubernetes\python-debugger\debug-attach-mode-prod-safe\buggy_calculator_pythonic_debug.py, calculator, 31
0.00s -   Stack: E:\9_kubernetes\python-debugger\debug-attach-mode-prod-safe\buggy_calculator_pythonic_debug.py, <module>, 35
0.00s - Skipping per-thread thread suspend notification.
0.00s - Thread suspend mode: single notification
0.00s - Sending suspend notification.
0.00s - sending cmd (http_json) --> CMD_THREAD_SUSPEND_SINGLE_NOTIFICATION {"type": "event", "event": "stopped", "body": {"reason": "step", "threadId": 1, "preserveFocusHint": false, "allThreadsStopped": true}, "seq": 80, "pydevd_cmd_id": 157}

0.04s - Process ThreadsRequest: {
    "command": "threads",
    "seq": 18,
    "type": "request"
}

0.00s - sending cmd (http_json) -->           CMD_RETURN {"type": "response", "request_seq": 18, "success": true, "command": "threads", "body": {"threads": [{"id": 1, "name": "MainThread"}]}, "seq": 82, "pydevd_cmd_id": 502}

0.01s - Process StackTraceRequest: {
    "arguments": {
        "format": {},
        "levels": 1,
        "startFrame": 0,
        "threadId": 1
    },
    "command": "stackTrace",
    "seq": 19,
    "type": "request"
}

0.00s - sending cmd (http_json) -->           CMD_RETURN {"type": "response", "request_seq": 19, "success": true, "command": "stackTrace", "body": {"stackFrames": [{"id": 6, "name": "calculator", "line": 31, "column": 1, "source": {"path": "E:\\9_kubernetes\\python-debugger\\debug-attach-mode-prod-safe\\buggy_calculator_pythonic_debug.py", "sourceReference": 0}}], "totalFrames": 2}, "seq": 84, "pydevd_cmd_id": 502}

0.07s - Process ScopesRequest: {
    "arguments": {
        "frameId": 6
    },
    "command": "scopes",
    "seq": 20,
    "type": "request"
}

0.00s - sending cmd (http_json) -->           CMD_RETURN {"type": "response", "request_seq": 20, "success": true, "command": "scopes", "body": {"scopes": [{"name": "Locals", "variablesReference": 8, "expensive": false, "presentationHint": "locals", "source": {}}, {"name": "Globals", "variablesReference": 9, "expensive": false, "source": {}}]}, "seq": 86, "pydevd_cmd_id": 502}

0.02s - Process VariablesRequest: {
    "arguments": {
        "format": {},
        "variablesReference": 8
    },
    "command": "variables",
    "seq": 21,
    "type": "request"
}

0.00s - processing internal command: InternalThreadCommands(<function internal_get_variable_json at 0x000001774357A200>, (<_pydevd_bundle._debug_adapter.pydevd_schema.VariablesRequest object at 0x0000017743732C20>,), {})
0.00s - sending cmd (http_json) -->           CMD_RETURN {"type": "response", "request_seq": 21, "success": true, "command": "variables", "body": {"variables": [{"name": "(return) divide", "value": "None", "type": "NoneType", "evaluateName": "__pydevd_ret_val_dict['divide']", "variablesReference": 0, "presentationHint": {"attributes": ["readOnly"]}}, {"name": "result1", "value": "6", "type": "int", "evaluateName": "result1", "variablesReference": 0}, {"name": "result2", "value": "6", "type": "int", "evaluateName": "result2", "variablesReference": 0}, {"name": "result3", "value": "6", "type": "int", "evaluateName": "result3", "variablesReference": 0}, {"name": "x", "value": "6", "type": "int", "evaluateName": "x", "variablesReference": 0}, {"name": "y", "value": "0", "type": "int", "evaluateName": "y", "variablesReference": 0}]}, "seq": 88, "pydevd_cmd_id": 502}

0.00s - Process VariablesRequest: {
    "arguments": {
        "format": {},
        "variablesReference": 9
    },
    "command": "variables",
    "seq": 22,
    "type": "request"
}

0.00s - processing internal command: InternalThreadCommands(<function internal_get_variable_json at 0x000001774357A200>, (<_pydevd_bundle._debug_adapter.pydevd_schema.VariablesRequest object at 0x0000017743732C20>,), {})
0.00s - sending cmd (http_json) -->           CMD_RETURN {"type": "response", "request_seq": 22, "success": true, "command": "variables", "body": {"variables": [{"name": "special variables", "value": "", "type": "", "evaluateName": "special variables", "variablesReference": 10}, {"name": "function variables", "value": "", "type": "", "evaluateName": "function variables", "variablesReference": 11}, {"name": "debug", "value": "<module 'debug' from 'E:\\\\9_kubernetes\\\\python-debugger\\\\debug-attach-mode-prod-safe\\\\debug.py'>", "type": "module", "evaluateName": "debug", "variablesReference": 12}]}, "seq": 90, "pydevd_cmd_id": 502}

0.34s - Process StackTraceRequest: {
    "arguments": {
        "format": {},
        "levels": 19,
        "startFrame": 1,
        "threadId": 1
    },
    "command": "stackTrace",
    "seq": 23,
    "type": "request"
}

0.00s - sending cmd (http_json) -->           CMD_RETURN {"type": "response", "request_seq": 23, "success": true, "command": "stackTrace", "body": {"stackFrames": [{"id": 7, "name": "<module>", "line": 35, "column": 1, "source": {"path": "E:\\9_kubernetes\\python-debugger\\debug-attach-mode-prod-safe\\buggy_calculator_pythonic_debug.py", "sourceReference": 0}}], "totalFrames": 2}, "seq": 92, "pydevd_cmd_id": 502}

2.73s - Process StepInRequest: {
    "arguments": {
        "threadId": 1
    },
    "command": "stepIn",
    "seq": 24,
    "type": "request"
}

0.00s - sending cmd (http_json) -->           CMD_RETURN {"type": "response", "request_seq": 24, "success": true, "command": "stepIn", "seq": 94, "pydevd_cmd_id": 502}

0.00s - processing internal command: InternalThreadCommands(<function internal_step_in_thread at 0x0000017743579D80>, ('pid_11156_id_1611703048352', 107), {'set_additional_thread_info': <cyfunction set_additional_thread_info at 0x00000177432EB1D0>})
0.00s - Resuming threads: * (except thread: <_MainThread(MainThread, started 10308)>)
0.00s - Skipped resuming thread: <_MainThread(MainThread, started 10308)>
0.00s - Sending resume notification.
0.00s - sending cmd (http_json) --> CMD_THREAD_RESUME_SINGLE_NOTIFICATION {"type": "event", "event": "continued", "body": {"threadId": 1, "allThreadsContinued": true}, "seq": 96, "pydevd_cmd_id": 158}

0.00s - Leaving PyDB.do_wait_suspend: <_MainThread(MainThread, started 10308)> (pid_11156_id_1611703048352) 1611703048352
0.00s - Suspending all threads except: <_MainThread(MainThread, started 10308)>
0.00s - PyDB.do_wait_suspend
name: calculator (line: 31)
 file: E:\9_kubernetes\python-debugger\debug-attach-mode-prod-safe\buggy_calculator_pythonic_debug.py
 event: exception
 arg: (<class 'ValueError'>, ValueError('Division by zero!'), <traceback object at 0x0000017743793F00>)
 step: CMD_STEP_INTO (original step: CMD_STEP_INTO)
 thread: <_MainThread(MainThread, started 10308)>, thread id: pid_11156_id_1611703048352, id(thread): 1611703048352
0.00s -   Stack: E:\9_kubernetes\python-debugger\debug-attach-mode-prod-safe\buggy_calculator_pythonic_debug.py, calculator, 31
0.00s -   Stack: E:\9_kubernetes\python-debugger\debug-attach-mode-prod-safe\buggy_calculator_pythonic_debug.py, <module>, 35
0.00s - Skipping per-thread thread suspend notification.
0.00s - Thread suspend mode: single notification
0.00s - Sending suspend notification.
0.00s - sending cmd (http_json) --> CMD_THREAD_SUSPEND_SINGLE_NOTIFICATION {"type": "event", "event": "stopped", "body": {"reason": "exception", "description": "Division by zero!", "threadId": 1, "preserveFocusHint": false, "text": "ValueError", "allThreadsStopped": true}, "seq": 98, "pydevd_cmd_id": 157}

0.02s - Process ThreadsRequest: {
    "command": "threads",
    "seq": 25,
    "type": "request"
}

0.00s - sending cmd (http_json) -->           CMD_RETURN {"type": "response", "request_seq": 25, "success": true, "command": "threads", "body": {"threads": [{"id": 1, "name": "MainThread"}]}, "seq": 100, "pydevd_cmd_id": 502}

0.00s - Process StackTraceRequest: {
    "arguments": {
        "format": {},
        "levels": 1,
        "startFrame": 0,
        "threadId": 1
    },
    "command": "stackTrace",
    "seq": 26,
    "type": "request"
}

0.00s - sending cmd (http_json) -->           CMD_RETURN {"type": "response", "request_seq": 26, "success": true, "command": "stackTrace", "body": {"stackFrames": [{"id": 6, "name": "calculator", "line": 31, "column": 1, "source": {"path": "E:\\9_kubernetes\\python-debugger\\debug-attach-mode-prod-safe\\buggy_calculator_pythonic_debug.py", "sourceReference": 0}}], "totalFrames": 2}, "seq": 102, "pydevd_cmd_id": 502}

0.01s - Process ExceptionInfoRequest: {
    "arguments": {
        "threadId": 1
    },
    "command": "exceptionInfo",
    "seq": 27,
    "type": "request"
}

0.00s - processing internal command: InternalThreadCommands(<function internal_get_exception_details_json at 0x000001774357AF80>, (<_pydevd_bundle._debug_adapter.pydevd_schema.ExceptionInfoRequest object at 0x0000017743732C20>, 'pid_11156_id_1611703048352', <_MainThread(MainThread, started 10308)>, 0), {'set_additional_thread_info': <cyfunction set_additional_thread_info at 0x00000177432EB1D0>, 'iter_visible_frames_info': <bound method NetCommandFactory._iter_visible_frames_info of <_pydevd_bundle.pydevd_net_command_factory_json.NetCommandFactoryJson object at 0x0000017743727FD0>>})
0.00s - sending cmd (http_json) -->           CMD_RETURN {"type": "response", "request_seq": 27, "success": true, "command": "exceptionInfo", "body": {"exceptionId": "ValueError", "breakMode": "always", "description": "Division by zero!", "details": {"message": "Division by zero!", "typeName": "ValueError", "stackTrace": "  File \"E:\\9_kubernetes\\python-debugger\\debug-attach-mode-prod-safe\\buggy_calculator_pythonic_debug.py\", line 31, in calculator\n    result4 = divide(x, y)\n  File \"E:\\9_kubernetes\\python-debugger\\debug-attach-mode-prod-safe\\buggy_calculator_pythonic_debug.py\", line 35, in <module>\n    calculator()\nValueError: Division by zero!\n", "source": "E:\\9_kubernetes\\python-debugger\\debug-attach-mode-prod-safe\\buggy_calculator_pythonic_debug.py"}}, "seq": 104, "pydevd_cmd_id": 502}

0.03s - Process ScopesRequest: {
    "arguments": {
        "frameId": 6
    },
    "command": "scopes",
    "seq": 28,
    "type": "request"
}

0.00s - sending cmd (http_json) -->           CMD_RETURN {"type": "response", "request_seq": 28, "success": true, "command": "scopes", "body": {"scopes": [{"name": "Locals", "variablesReference": 8, "expensive": false, "presentationHint": "locals", "source": {}}, {"name": "Globals", "variablesReference": 9, "expensive": false, "source": {}}]}, "seq": 106, "pydevd_cmd_id": 502}

0.00s - Process VariablesRequest: {
    "arguments": {
        "format": {},
        "variablesReference": 8
    },
    "command": "variables",
    "seq": 29,
    "type": "request"
}

0.00s - processing internal command: InternalThreadCommands(<function internal_get_variable_json at 0x000001774357A200>, (<_pydevd_bundle._debug_adapter.pydevd_schema.VariablesRequest object at 0x0000017743732C20>,), {})
0.00s - sending cmd (http_json) -->           CMD_RETURN {"type": "response", "request_seq": 29, "success": true, "command": "variables", "body": {"variables": [{"name": "special variables", "value": "", "type": "", "evaluateName": "special variables", "variablesReference": 13}, {"name": "(return) divide", "value": "None", "type": "NoneType", "evaluateName": "__pydevd_ret_val_dict['divide']", "variablesReference": 0, "presentationHint": {"attributes": ["readOnly"]}}, {"name": "result1", "value": "6", "type": "int", "evaluateName": "result1", "variablesReference": 0}, {"name": "result2", "value": "6", "type": "int", "evaluateName": "result2", "variablesReference": 0}, {"name": "result3", "value": "6", "type": "int", "evaluateName": "result3", "variablesReference": 0}, {"name": "x", "value": "6", "type": "int", "evaluateName": "x", "variablesReference": 0}, {"name": "y", "value": "0", "type": "int", "evaluateName": "y", "variablesReference": 0}]}, "seq": 108, "pydevd_cmd_id": 502}

0.00s - Process VariablesRequest: {
    "arguments": {
        "format": {},
        "variablesReference": 9
    },
    "command": "variables",
    "seq": 30,
    "type": "request"
}

0.00s - processing internal command: InternalThreadCommands(<function internal_get_variable_json at 0x000001774357A200>, (<_pydevd_bundle._debug_adapter.pydevd_schema.VariablesRequest object at 0x0000017743732C20>,), {})
0.00s - sending cmd (http_json) -->           CMD_RETURN {"type": "response", "request_seq": 30, "success": true, "command": "variables", "body": {"variables": [{"name": "special variables", "value": "", "type": "", "evaluateName": "special variables", "variablesReference": 14}, {"name": "function variables", "value": "", "type": "", "evaluateName": "function variables", "variablesReference": 15}, {"name": "debug", "value": "<module 'debug' from 'E:\\\\9_kubernetes\\\\python-debugger\\\\debug-attach-mode-prod-safe\\\\debug.py'>", "type": "module", "evaluateName": "debug", "variablesReference": 12}]}, "seq": 110, "pydevd_cmd_id": 502}

0.39s - Process StackTraceRequest: {
    "arguments": {
        "format": {},
        "levels": 19,
        "startFrame": 1,
        "threadId": 1
    },
    "command": "stackTrace",
    "seq": 31,
    "type": "request"
}

0.00s - sending cmd (http_json) -->           CMD_RETURN {"type": "response", "request_seq": 31, "success": true, "command": "stackTrace", "body": {"stackFrames": [{"id": 7, "name": "<module>", "line": 35, "column": 1, "source": {"path": "E:\\9_kubernetes\\python-debugger\\debug-attach-mode-prod-safe\\buggy_calculator_pythonic_debug.py", "sourceReference": 0}}], "totalFrames": 2}, "seq": 112, "pydevd_cmd_id": 502}

0.49s - Process StepInRequest: {
    "arguments": {
        "threadId": 1
    },
    "command": "stepIn",
    "seq": 32,
    "type": "request"
}

0.00s - sending cmd (http_json) -->           CMD_RETURN {"type": "response", "request_seq": 32, "success": true, "command": "stepIn", "seq": 114, "pydevd_cmd_id": 502}

0.00s - processing internal command: InternalThreadCommands(<function internal_step_in_thread at 0x0000017743579D80>, ('pid_11156_id_1611703048352', 107), {'set_additional_thread_info': <cyfunction set_additional_thread_info at 0x00000177432EB1D0>})
0.00s - Resuming threads: * (except thread: <_MainThread(MainThread, started 10308)>)
0.00s - Skipped resuming thread: <_MainThread(MainThread, started 10308)>
0.00s - Set tracing of frame: E:\9_kubernetes\python-debugger\debug-attach-mode-prod-safe\buggy_calculator_pythonic_debug.py - <module>
0.00s - Sending resume notification.
0.00s - sending cmd (http_json) --> CMD_THREAD_RESUME_SINGLE_NOTIFICATION {"type": "event", "event": "continued", "body": {"threadId": 1, "allThreadsContinued": true}, "seq": 116, "pydevd_cmd_id": 158}

0.00s - Leaving PyDB.do_wait_suspend: <_MainThread(MainThread, started 10308)> (pid_11156_id_1611703048352) 1611703048352
0.00s - Suspending all threads except: <_MainThread(MainThread, started 10308)>
0.00s - PyDB.do_wait_suspend
name: <module> (line: 35)
 file: E:\9_kubernetes\python-debugger\debug-attach-mode-prod-safe\buggy_calculator_pythonic_debug.py
 event: return
 arg: None
 step: CMD_STEP_INTO (original step: CMD_STEP_INTO)
 thread: <_MainThread(MainThread, started 10308)>, thread id: pid_11156_id_1611703048352, id(thread): 1611703048352
0.00s -   Stack: E:\9_kubernetes\python-debugger\debug-attach-mode-prod-safe\buggy_calculator_pythonic_debug.py, <module>, 35
0.00s - Skipping per-thread thread suspend notification.
0.00s - Thread suspend mode: single notification
0.00s - Sending suspend notification.
0.00s - sending cmd (http_json) --> CMD_THREAD_SUSPEND_SINGLE_NOTIFICATION {"type": "event", "event": "stopped", "body": {"reason": "step", "threadId": 1, "preserveFocusHint": false, "allThreadsStopped": true}, "seq": 118, "pydevd_cmd_id": 157}

0.02s - Process ThreadsRequest: {
    "command": "threads",
    "seq": 33,
    "type": "request"
}

0.00s - sending cmd (http_json) -->           CMD_RETURN {"type": "response", "request_seq": 33, "success": true, "command": "threads", "body": {"threads": [{"id": 1, "name": "MainThread"}]}, "seq": 120, "pydevd_cmd_id": 502}

0.02s - Process StackTraceRequest: {
    "arguments": {
        "format": {},
        "levels": 1,
        "startFrame": 0,
        "threadId": 1
    },
    "command": "stackTrace",
    "seq": 34,
    "type": "request"
}

0.00s - sending cmd (http_json) -->           CMD_RETURN {"type": "response", "request_seq": 34, "success": true, "command": "stackTrace", "body": {"stackFrames": [{"id": 7, "name": "<module>", "line": 35, "column": 1, "source": {"path": "E:\\9_kubernetes\\python-debugger\\debug-attach-mode-prod-safe\\buggy_calculator_pythonic_debug.py", "sourceReference": 0}}], "totalFrames": 1}, "seq": 122, "pydevd_cmd_id": 502}

0.41s - Process ScopesRequest: {
    "arguments": {
        "frameId": 7
    },
    "command": "scopes",
    "seq": 35,
    "type": "request"
}

0.00s - sending cmd (http_json) -->           CMD_RETURN {"type": "response", "request_seq": 35, "success": true, "command": "scopes", "body": {"scopes": [{"name": "Locals", "variablesReference": 16, "expensive": false, "presentationHint": "locals", "source": {}}, {"name": "Globals", "variablesReference": 17, "expensive": false, "source": {}}]}, "seq": 124, "pydevd_cmd_id": 502}

0.00s - Process VariablesRequest: {
    "arguments": {
        "format": {},
        "variablesReference": 16
    },
    "command": "variables",
    "seq": 36,
    "type": "request"
}

0.00s - processing internal command: InternalThreadCommands(<function internal_get_variable_json at 0x000001774357A200>, (<_pydevd_bundle._debug_adapter.pydevd_schema.VariablesRequest object at 0x0000017743732C20>,), {})
0.00s - sending cmd (http_json) -->           CMD_RETURN {"type": "response", "request_seq": 36, "success": true, "command": "variables", "body": {"variables": [{"name": "special variables", "value": "", "type": "", "evaluateName": "special variables", "variablesReference": 18}, {"name": "function variables", "value": "", "type": "", "evaluateName": "function variables", "variablesReference": 19}, {"name": "(return) calculator", "value": "None", "type": "NoneType", "evaluateName": "__pydevd_ret_val_dict['calculator']", "variablesReference": 0, "presentationHint": {"attributes": ["readOnly"]}}, {"name": "debug", "value": "<module 'debug' from 'E:\\\\9_kubernetes\\\\python-debugger\\\\debug-attach-mode-prod-safe\\\\debug.py'>", "type": "module", "evaluateName": "debug", "variablesReference": 12}]}, "seq": 126, "pydevd_cmd_id": 502}

0.01s - Process StackTraceRequest: {
    "arguments": {
        "format": {},
        "levels": 19,
        "startFrame": 1,
        "threadId": 1
    },
    "command": "stackTrace",
    "seq": 37,
    "type": "request"
}

0.00s - sending cmd (http_json) -->           CMD_RETURN {"type": "response", "request_seq": 37, "success": true, "command": "stackTrace", "body": {"stackFrames": [], "totalFrames": 1}, "seq": 128, "pydevd_cmd_id": 502}

0.69s - Process StepInRequest: {
    "arguments": {
        "threadId": 1
    },
    "command": "stepIn",
    "seq": 38,
    "type": "request"
}

0.00s - sending cmd (http_json) -->           CMD_RETURN {"type": "response", "request_seq": 38, "success": true, "command": "stepIn", "seq": 130, "pydevd_cmd_id": 502}

0.00s - processing internal command: InternalThreadCommands(<function internal_step_in_thread at 0x0000017743579D80>, ('pid_11156_id_1611703048352', 107), {'set_additional_thread_info': <cyfunction set_additional_thread_info at 0x00000177432EB1D0>})
0.00s - Resuming threads: * (except thread: <_MainThread(MainThread, started 10308)>)
0.00s - Skipped resuming thread: <_MainThread(MainThread, started 10308)>
0.00s - Sending resume notification.
0.00s - sending cmd (http_json) --> CMD_THREAD_RESUME_SINGLE_NOTIFICATION {"type": "event", "event": "continued", "body": {"threadId": 1, "allThreadsContinued": true}, "seq": 132, "pydevd_cmd_id": 158}

0.00s - Leaving PyDB.do_wait_suspend: <_MainThread(MainThread, started 10308)> (pid_11156_id_1611703048352) 1611703048352
0.00s - Suspending all threads except: <_MainThread(MainThread, started 10308)>
0.00s - PyDB.do_wait_suspend
name: <module> (line: 35)
 file: E:\9_kubernetes\python-debugger\debug-attach-mode-prod-safe\buggy_calculator_pythonic_debug.py
 event: exception
 arg: (<class 'ValueError'>, ValueError('Division by zero!'), <traceback object at 0x000001774366DD00>)
 step: CMD_STEP_INTO (original step: CMD_STEP_INTO)
 thread: <_MainThread(MainThread, started 10308)>, thread id: pid_11156_id_1611703048352, id(thread): 1611703048352
0.00s -   Stack: E:\9_kubernetes\python-debugger\debug-attach-mode-prod-safe\buggy_calculator_pythonic_debug.py, <module>, 35
0.00s - Skipping per-thread thread suspend notification.
0.00s - Thread suspend mode: single notification
0.00s - Sending suspend notification.
0.00s - sending cmd (http_json) --> CMD_THREAD_SUSPEND_SINGLE_NOTIFICATION {"type": "event", "event": "stopped", "body": {"reason": "exception", "description": "Division by zero!", "threadId": 1, "preserveFocusHint": false, "text": "ValueError", "allThreadsStopped": true}, "seq": 134, "pydevd_cmd_id": 157}

0.02s - Process ThreadsRequest: {
    "command": "threads",
    "seq": 39,
    "type": "request"
}

0.00s - sending cmd (http_json) -->           CMD_RETURN {"type": "response", "request_seq": 39, "success": true, "command": "threads", "body": {"threads": [{"id": 1, "name": "MainThread"}]}, "seq": 136, "pydevd_cmd_id": 502}

0.00s - Process StackTraceRequest: {
    "arguments": {
        "format": {},
        "levels": 1,
        "startFrame": 0,
        "threadId": 1
    },
    "command": "stackTrace",
    "seq": 40,
    "type": "request"
}

0.00s - sending cmd (http_json) -->           CMD_RETURN {"type": "response", "request_seq": 40, "success": true, "command": "stackTrace", "body": {"stackFrames": [{"id": 7, "name": "<module>", "line": 35, "column": 1, "source": {"path": "E:\\9_kubernetes\\python-debugger\\debug-attach-mode-prod-safe\\buggy_calculator_pythonic_debug.py", "sourceReference": 0}}], "totalFrames": 1}, "seq": 138, "pydevd_cmd_id": 502}

0.01s - Process ExceptionInfoRequest: {
    "arguments": {
        "threadId": 1
    },
    "command": "exceptionInfo",
    "seq": 41,
    "type": "request"
}

0.00s - processing internal command: InternalThreadCommands(<function internal_get_exception_details_json at 0x000001774357AF80>, (<_pydevd_bundle._debug_adapter.pydevd_schema.ExceptionInfoRequest object at 0x0000017743732C20>, 'pid_11156_id_1611703048352', <_MainThread(MainThread, started 10308)>, 0), {'set_additional_thread_info': <cyfunction set_additional_thread_info at 0x00000177432EB1D0>, 'iter_visible_frames_info': <bound method NetCommandFactory._iter_visible_frames_info of <_pydevd_bundle.pydevd_net_command_factory_json.NetCommandFactoryJson object at 0x0000017743727FD0>>})
0.00s - sending cmd (http_json) -->           CMD_RETURN {"type": "response", "request_seq": 41, "success": true, "command": "exceptionInfo", "body": {"exceptionId": "ValueError", "breakMode": "always", "description": "Division by zero!", "details": {"message": "Division by zero!", "typeName": "ValueError", "stackTrace": "  File \"E:\\9_kubernetes\\python-debugger\\debug-attach-mode-prod-safe\\buggy_calculator_pythonic_debug.py\", line 35, in <module>\n    calculator()\nValueError: Division by zero!\n", "source": "E:\\9_kubernetes\\python-debugger\\debug-attach-mode-prod-safe\\buggy_calculator_pythonic_debug.py"}}, "seq": 140, "pydevd_cmd_id": 502}

0.40s - Process ScopesRequest: {
    "arguments": {
        "frameId": 7
    },
    "command": "scopes",
    "seq": 42,
    "type": "request"
}

0.00s - sending cmd (http_json) -->           CMD_RETURN {"type": "response", "request_seq": 42, "success": true, "command": "scopes", "body": {"scopes": [{"name": "Locals", "variablesReference": 16, "expensive": false, "presentationHint": "locals", "source": {}}, {"name": "Globals", "variablesReference": 17, "expensive": false, "source": {}}]}, "seq": 142, "pydevd_cmd_id": 502}

0.00s - Process VariablesRequest: {
    "arguments": {
        "format": {},
        "variablesReference": 16
    },
    "command": "variables",
    "seq": 43,
    "type": "request"
}

0.00s - processing internal command: InternalThreadCommands(<function internal_get_variable_json at 0x000001774357A200>, (<_pydevd_bundle._debug_adapter.pydevd_schema.VariablesRequest object at 0x0000017743732C20>,), {})
0.00s - sending cmd (http_json) -->           CMD_RETURN {"type": "response", "request_seq": 43, "success": true, "command": "variables", "body": {"variables": [{"name": "special variables", "value": "", "type": "", "evaluateName": "special variables", "variablesReference": 20}, {"name": "function variables", "value": "", "type": "", "evaluateName": "function variables", "variablesReference": 21}, {"name": "(return) calculator", "value": "None", "type": "NoneType", "evaluateName": "__pydevd_ret_val_dict['calculator']", "variablesReference": 0, "presentationHint": {"attributes": ["readOnly"]}}, {"name": "debug", "value": "<module 'debug' from 'E:\\\\9_kubernetes\\\\python-debugger\\\\debug-attach-mode-prod-safe\\\\debug.py'>", "type": "module", "evaluateName": "debug", "variablesReference": 12}]}, "seq": 144, "pydevd_cmd_id": 502}

0.01s - Process StackTraceRequest: {
    "arguments": {
        "format": {},
        "levels": 19,
        "startFrame": 1,
        "threadId": 1
    },
    "command": "stackTrace",
    "seq": 44,
    "type": "request"
}

0.00s - sending cmd (http_json) -->           CMD_RETURN {"type": "response", "request_seq": 44, "success": true, "command": "stackTrace", "body": {"stackFrames": [], "totalFrames": 1}, "seq": 146, "pydevd_cmd_id": 502}

0.54s - Process StepInRequest: {
    "arguments": {
        "threadId": 1
    },
    "command": "stepIn",
    "seq": 45,
    "type": "request"
}

0.00s - sending cmd (http_json) -->           CMD_RETURN {"type": "response", "request_seq": 45, "success": true, "command": "stepIn", "seq": 148, "pydevd_cmd_id": 502}

0.00s - processing internal command: InternalThreadCommands(<function internal_step_in_thread at 0x0000017743579D80>, ('pid_11156_id_1611703048352', 107), {'set_additional_thread_info': <cyfunction set_additional_thread_info at 0x00000177432EB1D0>})
0.00s - Resuming threads: * (except thread: <_MainThread(MainThread, started 10308)>)
0.00s - Skipped resuming thread: <_MainThread(MainThread, started 10308)>
0.00s - Set tracing of frame: E:\9_kubernetes\python-debugger\debug-attach-mode-prod-safe\buggy_calculator_pythonic_debug.py - <module>
0.00s - Sending resume notification.
0.00s - sending cmd (http_json) --> CMD_THREAD_RESUME_SINGLE_NOTIFICATION {"type": "event", "event": "continued", "body": {"threadId": 1, "allThreadsContinued": true}, "seq": 150, "pydevd_cmd_id": 158}

0.00s - Leaving PyDB.do_wait_suspend: <_MainThread(MainThread, started 10308)> (pid_11156_id_1611703048352) 1611703048352
0.00s - Suspending all threads except: <_MainThread(MainThread, started 10308)>
0.00s - PyDB.do_wait_suspend
name: <module> (line: 35)
 file: E:\9_kubernetes\python-debugger\debug-attach-mode-prod-safe\buggy_calculator_pythonic_debug.py
 event: exception
 arg: (<class 'ValueError'>, ValueError('Division by zero!'), <traceback object at 0x000001774366DD00>)
 step: CMD_STEP_INTO (original step: CMD_STEP_INTO)
 thread: <_MainThread(MainThread, started 10308)>, thread id: pid_11156_id_1611703048352, id(thread): 1611703048352
0.00s -   Stack: E:\9_kubernetes\python-debugger\debug-attach-mode-prod-safe\buggy_calculator_pythonic_debug.py, divide, 14
0.00s -   Stack: E:\9_kubernetes\python-debugger\debug-attach-mode-prod-safe\buggy_calculator_pythonic_debug.py, calculator, 31
0.00s -   Stack: E:\9_kubernetes\python-debugger\debug-attach-mode-prod-safe\buggy_calculator_pythonic_debug.py, <module>, 35
0.00s - Skipping per-thread thread suspend notification.
0.00s - Thread suspend mode: single notification
0.00s - Sending suspend notification.
0.00s - sending cmd (http_json) --> CMD_THREAD_SUSPEND_SINGLE_NOTIFICATION {"type": "event", "event": "stopped", "body": {"reason": "exception", "description": "Division by zero!", "threadId": 1, "preserveFocusHint": false, "text": "ValueError       (note: full exception trace is shown but execution is paused at: <module>)", "allThreadsStopped": true}, "seq": 152, "pydevd_cmd_id": 157}

0.03s - Process ThreadsRequest: {
    "command": "threads",
    "seq": 46,
    "type": "request"
}

0.00s - sending cmd (http_json) -->           CMD_RETURN {"type": "response", "request_seq": 46, "success": true, "command": "threads", "body": {"threads": [{"id": 1, "name": "MainThread"}]}, "seq": 154, "pydevd_cmd_id": 502}

0.01s - Process StackTraceRequest: {
    "arguments": {
        "format": {},
        "levels": 1,
        "startFrame": 0,
        "threadId": 1
    },
    "command": "stackTrace",
    "seq": 47,
    "type": "request"
}

0.00s - sending cmd (http_json) -->           CMD_RETURN {"type": "response", "request_seq": 47, "success": true, "command": "stackTrace", "body": {"stackFrames": [{"id": 2, "name": "divide", "line": 14, "column": 1, "source": {"path": "E:\\9_kubernetes\\python-debugger\\debug-attach-mode-prod-safe\\buggy_calculator_pythonic_debug.py", "sourceReference": 0}}], "totalFrames": 3}, "seq": 156, "pydevd_cmd_id": 502}

0.02s - Process ExceptionInfoRequest: {
    "arguments": {
        "threadId": 1
    },
    "command": "exceptionInfo",
    "seq": 48,
    "type": "request"
}

0.00s - processing internal command: InternalThreadCommands(<function internal_get_exception_details_json at 0x000001774357AF80>, (<_pydevd_bundle._debug_adapter.pydevd_schema.ExceptionInfoRequest object at 0x0000017743732C20>, 'pid_11156_id_1611703048352', <_MainThread(MainThread, started 10308)>, 0), {'set_additional_thread_info': <cyfunction set_additional_thread_info at 0x00000177432EB1D0>, 'iter_visible_frames_info': <bound method NetCommandFactory._iter_visible_frames_info of <_pydevd_bundle.pydevd_net_command_factory_json.NetCommandFactoryJson object at 0x0000017743727FD0>>})
0.00s - sending cmd (http_json) -->           CMD_RETURN {"type": "response", "request_seq": 48, "success": true, "command": "exceptionInfo", "body": {"exceptionId": "ValueError       (note: full exception trace is shown but execution is paused at: <module>)", "breakMode": "always", "description": "Division by zero!", "details": {"message": "Division by zero!", "typeName": "ValueError       (note: full exception trace is shown but execution is paused at: <module>)", "stackTrace": "  File \"E:\\9_kubernetes\\python-debugger\\debug-attach-mode-prod-safe\\buggy_calculator_pythonic_debug.py\", line 14, in divide\n    raise ValueError(\"Division by zero!\")\n  File \"E:\\9_kubernetes\\python-debugger\\debug-attach-mode-prod-safe\\buggy_calculator_pythonic_debug.py\", line 31, in calculator\n    result4 = divide(x, y)\n  File \"E:\\9_kubernetes\\python-debugger\\debug-attach-mode-prod-safe\\buggy_calculator_pythonic_debug.py\", line 35, in <module> (Current frame)\n    calculator()\nValueError: Division by zero!\n", "source": "E:\\9_kubernetes\\python-debugger\\debug-attach-mode-prod-safe\\buggy_calculator_pythonic_debug.py"}}, "seq": 158, "pydevd_cmd_id": 502}

0.11s - Process ScopesRequest: {
    "arguments": {
        "frameId": 2
    },
    "command": "scopes",
    "seq": 49,
    "type": "request"
}

0.00s - sending cmd (http_json) -->           CMD_RETURN {"type": "response", "request_seq": 49, "success": true, "command": "scopes", "body": {"scopes": [{"name": "Locals", "variablesReference": 3, "expensive": false, "presentationHint": "locals", "source": {}}, {"name": "Globals", "variablesReference": 4, "expensive": false, "source": {}}]}, "seq": 160, "pydevd_cmd_id": 502}

0.00s - Process VariablesRequest: {
    "arguments": {
        "format": {},
        "variablesReference": 3
    },
    "command": "variables",
    "seq": 50,
    "type": "request"
}

0.00s - processing internal command: InternalThreadCommands(<function internal_get_variable_json at 0x000001774357A200>, (<_pydevd_bundle._debug_adapter.pydevd_schema.VariablesRequest object at 0x0000017743732C20>,), {})
0.00s - sending cmd (http_json) -->           CMD_RETURN {"type": "response", "request_seq": 50, "success": true, "command": "variables", "body": {"variables": [{"name": "a", "value": "6", "type": "int", "evaluateName": "a", "variablesReference": 0}, {"name": "b", "value": "0", "type": "int", "evaluateName": "b", "variablesReference": 0}]}, "seq": 162, "pydevd_cmd_id": 502}

0.30s - Process StackTraceRequest: {
    "arguments": {
        "format": {},
        "levels": 19,
        "startFrame": 1,
        "threadId": 1
    },
    "command": "stackTrace",
    "seq": 51,
    "type": "request"
}

0.00s - sending cmd (http_json) -->           CMD_RETURN {"type": "response", "request_seq": 51, "success": true, "command": "stackTrace", "body": {"stackFrames": [{"id": 6, "name": "calculator", "line": 31, "column": 1, "source": {"path": "E:\\9_kubernetes\\python-debugger\\debug-attach-mode-prod-safe\\buggy_calculator_pythonic_debug.py", "sourceReference": 0}}, {"id": 7, "name": "<module> (Current frame)", "line": 35, "column": 1, "source": {"path": "E:\\9_kubernetes\\python-debugger\\debug-attach-mode-prod-safe\\buggy_calculator_pythonic_debug.py", "sourceReference": 0}}], "totalFrames": 3}, "seq": 164, "pydevd_cmd_id": 502}

1.42s - Process StepInRequest: {
    "arguments": {
        "threadId": 1
    },
    "command": "stepIn",
    "seq": 52,
    "type": "request"
}

0.00s - sending cmd (http_json) -->           CMD_RETURN {"type": "response", "request_seq": 52, "success": true, "command": "stepIn", "seq": 166, "pydevd_cmd_id": 502}

0.00s - processing internal command: InternalThreadCommands(<function internal_step_in_thread at 0x0000017743579D80>, ('pid_11156_id_1611703048352', 107), {'set_additional_thread_info': <cyfunction set_additional_thread_info at 0x00000177432EB1D0>})
0.00s - Resuming threads: * (except thread: <_MainThread(MainThread, started 10308)>)
0.00s - Skipped resuming thread: <_MainThread(MainThread, started 10308)>
0.00s - Set tracing of frame: E:\9_kubernetes\python-debugger\debug-attach-mode-prod-safe\buggy_calculator_pythonic_debug.py - <module>
0.00s - Sending resume notification.
0.00s - sending cmd (http_json) --> CMD_THREAD_RESUME_SINGLE_NOTIFICATION {"type": "event", "event": "continued", "body": {"threadId": 1, "allThreadsContinued": true}, "seq": 168, "pydevd_cmd_id": 158}

0.00s - Leaving PyDB.do_wait_suspend: <_MainThread(MainThread, started 10308)> (pid_11156_id_1611703048352) 1611703048352
0.00s - Handling post-mortem stop on exception breakpoint BaseException
0.00s - We are stopping in unhandled exception.
0.00s - Suspending all threads except: <_MainThread(MainThread, started 10308)>
0.00s - PyDB.do_wait_suspend
name: divide (line: 14)
 file: E:\9_kubernetes\python-debugger\debug-attach-mode-prod-safe\buggy_calculator_pythonic_debug.py
 event: exception
 arg: (<class 'ValueError'>, ValueError('Division by zero!'), <traceback object at 0x000001774366DD00>)
 step: CMD_STEP_INTO (original step: CMD_STEP_INTO)
 thread: <_MainThread(MainThread, started 10308)>, thread id: pid_11156_id_1611703048352, id(thread): 1611703048352
0.00s -   Stack: E:\9_kubernetes\python-debugger\debug-attach-mode-prod-safe\buggy_calculator_pythonic_debug.py, divide, 14
0.00s -   Stack: E:\9_kubernetes\python-debugger\debug-attach-mode-prod-safe\buggy_calculator_pythonic_debug.py, calculator, 31
0.00s -   Stack: E:\9_kubernetes\python-debugger\debug-attach-mode-prod-safe\buggy_calculator_pythonic_debug.py, <module>, 35
0.00s - Skipping per-thread thread suspend notification.
0.00s - Thread suspend mode: single notification
0.00s - Sending suspend notification.
0.00s - sending cmd (http_json) --> CMD_THREAD_SUSPEND_SINGLE_NOTIFICATION {"type": "event", "event": "stopped", "body": {"reason": "exception", "description": "Division by zero!", "threadId": 1, "preserveFocusHint": false, "text": "ValueError       (note: full exception trace is shown but execution is paused at: <module>)", "allThreadsStopped": true}, "seq": 170, "pydevd_cmd_id": 157}

0.04s - Process ThreadsRequest: {
    "command": "threads",
    "seq": 53,
    "type": "request"
}

0.00s - sending cmd (http_json) -->           CMD_RETURN {"type": "response", "request_seq": 53, "success": true, "command": "threads", "body": {"threads": [{"id": 1, "name": "MainThread"}]}, "seq": 172, "pydevd_cmd_id": 502}

0.01s - Process StackTraceRequest: {
    "arguments": {
        "format": {},
        "levels": 1,
        "startFrame": 0,
        "threadId": 1
    },
    "command": "stackTrace",
    "seq": 54,
    "type": "request"
}

0.00s - sending cmd (http_json) -->           CMD_RETURN {"type": "response", "request_seq": 54, "success": true, "command": "stackTrace", "body": {"stackFrames": [{"id": 2, "name": "divide", "line": 14, "column": 1, "source": {"path": "E:\\9_kubernetes\\python-debugger\\debug-attach-mode-prod-safe\\buggy_calculator_pythonic_debug.py", "sourceReference": 0}}], "totalFrames": 3}, "seq": 174, "pydevd_cmd_id": 502}

0.01s - Process ExceptionInfoRequest: {
    "arguments": {
        "threadId": 1
    },
    "command": "exceptionInfo",
    "seq": 55,
    "type": "request"
}

0.00s - processing internal command: InternalThreadCommands(<function internal_get_exception_details_json at 0x000001774357AF80>, (<_pydevd_bundle._debug_adapter.pydevd_schema.ExceptionInfoRequest object at 0x0000017743732C20>, 'pid_11156_id_1611703048352', <_MainThread(MainThread, started 10308)>, 0), {'set_additional_thread_info': <cyfunction set_additional_thread_info at 0x00000177432EB1D0>, 'iter_visible_frames_info': <bound method NetCommandFactory._iter_visible_frames_info of <_pydevd_bundle.pydevd_net_command_factory_json.NetCommandFactoryJson object at 0x0000017743727FD0>>})
0.00s - sending cmd (http_json) -->           CMD_RETURN {"type": "response", "request_seq": 55, "success": true, "command": "exceptionInfo", "body": {"exceptionId": "ValueError       (note: full exception trace is shown but execution is paused at: <module>)", "breakMode": "unhandled", "description": "Division by zero!", "details": {"message": "Division by zero!", "typeName": "ValueError       (note: full exception trace is shown but execution is paused at: <module>)", "stackTrace": "  File \"E:\\9_kubernetes\\python-debugger\\debug-attach-mode-prod-safe\\buggy_calculator_pythonic_debug.py\", line 14, in divide\n    raise ValueError(\"Division by zero!\")\n  File \"E:\\9_kubernetes\\python-debugger\\debug-attach-mode-prod-safe\\buggy_calculator_pythonic_debug.py\", line 31, in calculator\n    result4 = divide(x, y)\n  File \"E:\\9_kubernetes\\python-debugger\\debug-attach-mode-prod-safe\\buggy_calculator_pythonic_debug.py\", line 35, in <module> (Current frame)\n    calculator()\nValueError: Division by zero!\n", "source": "E:\\9_kubernetes\\python-debugger\\debug-attach-mode-prod-safe\\buggy_calculator_pythonic_debug.py"}}, "seq": 176, "pydevd_cmd_id": 502}

0.08s - Process ScopesRequest: {
    "arguments": {
        "frameId": 2
    },
    "command": "scopes",
    "seq": 56,
    "type": "request"
}

0.00s - sending cmd (http_json) -->           CMD_RETURN {"type": "response", "request_seq": 56, "success": true, "command": "scopes", "body": {"scopes": [{"name": "Locals", "variablesReference": 3, "expensive": false, "presentationHint": "locals", "source": {}}, {"name": "Globals", "variablesReference": 4, "expensive": false, "source": {}}]}, "seq": 178, "pydevd_cmd_id": 502}

0.01s - Process VariablesRequest: {
    "arguments": {
        "format": {},
        "variablesReference": 3
    },
    "command": "variables",
    "seq": 57,
    "type": "request"
}

0.00s - processing internal command: InternalThreadCommands(<function internal_get_variable_json at 0x000001774357A200>, (<_pydevd_bundle._debug_adapter.pydevd_schema.VariablesRequest object at 0x0000017743732C20>,), {})
0.00s - sending cmd (http_json) -->           CMD_RETURN {"type": "response", "request_seq": 57, "success": true, "command": "variables", "body": {"variables": [{"name": "special variables", "value": "", "type": "", "evaluateName": "special variables", "variablesReference": 22}, {"name": "a", "value": "6", "type": "int", "evaluateName": "a", "variablesReference": 0}, {"name": "b", "value": "0", "type": "int", "evaluateName": "b", "variablesReference": 0}]}, "seq": 180, "pydevd_cmd_id": 502}

0.32s - Process StackTraceRequest: {
    "arguments": {
        "format": {},
        "levels": 19,
        "startFrame": 1,
        "threadId": 1
    },
    "command": "stackTrace",
    "seq": 58,
    "type": "request"
}

0.00s - sending cmd (http_json) -->           CMD_RETURN {"type": "response", "request_seq": 58, "success": true, "command": "stackTrace", "body": {"stackFrames": [{"id": 6, "name": "calculator", "line": 31, "column": 1, "source": {"path": "E:\\9_kubernetes\\python-debugger\\debug-attach-mode-prod-safe\\buggy_calculator_pythonic_debug.py", "sourceReference": 0}}, {"id": 7, "name": "<module> (Current frame)", "line": 35, "column": 1, "source": {"path": "E:\\9_kubernetes\\python-debugger\\debug-attach-mode-prod-safe\\buggy_calculator_pythonic_debug.py", "sourceReference": 0}}], "totalFrames": 3}, "seq": 182, "pydevd_cmd_id": 502}

0.32s - Process StepInRequest: {
    "arguments": {
        "threadId": 1
    },
    "command": "stepIn",
    "seq": 59,
    "type": "request"
}

0.00s - sending cmd (http_json) -->           CMD_RETURN {"type": "response", "request_seq": 59, "success": true, "command": "stepIn", "seq": 184, "pydevd_cmd_id": 502}

0.00s - processing internal command: InternalThreadCommands(<function internal_step_in_thread at 0x0000017743579D80>, ('pid_11156_id_1611703048352', 107), {'set_additional_thread_info': <cyfunction set_additional_thread_info at 0x00000177432EB1D0>})
0.00s - Resuming threads: * (except thread: <_MainThread(MainThread, started 10308)>)
0.00s - Skipped resuming thread: <_MainThread(MainThread, started 10308)>
0.00s - Set tracing of frame: E:\9_kubernetes\python-debugger\debug-attach-mode-prod-safe\buggy_calculator_pythonic_debug.py - divide
0.00s - Set tracing of frame: E:\9_kubernetes\python-debugger\debug-attach-mode-prod-safe\buggy_calculator_pythonic_debug.py - calculator
0.00s - Sending resume notification.
0.00s - sending cmd (http_json) --> CMD_THREAD_RESUME_SINGLE_NOTIFICATION {"type": "event", "event": "continued", "body": {"threadId": 1, "allThreadsContinued": true}, "seq": 186, "pydevd_cmd_id": 158}

0.00s - Leaving PyDB.do_wait_suspend: <_MainThread(MainThread, started 10308)> (pid_11156_id_1611703048352) 1611703048352
0.00s - sending cmd (http_json) --> CMD_WRITE_TO_CONSOLE {"type": "event", "event": "output", "body": {"output": "Frame skipped from debugging during step-in.", "category": "important", "source": {}}, "seq": 188, "pydevd_cmd_id": 116}

0.00s - Suspending all threads except: <_MainThread(MainThread, started 10308)>
0.00s - PyDB.do_wait_suspend
name: dumps (line: 227)
 file: C:\Users\linux\AppData\Local\Programs\Python\Python310\lib\json\__init__.py
 event: line
 arg: None
 step: CMD_STEP_INTO (original step: CMD_STEP_INTO)
 thread: <_MainThread(MainThread, started 10308)>, thread id: pid_11156_id_1611703048352, id(thread): 1611703048352
0.00s -   Stack: C:\Users\linux\AppData\Local\Programs\Python\Python310\lib\json\__init__.py, dumps, 227
0.00s -   Stack: C:\Users\linux\AppData\Local\Programs\Python\Python310\lib\site-packages\debugpy\_vendored\pydevd\_pydevd_bundle\pydevd_net_command.py, __init__, 81
0.00s -   Stack: C:\Users\linux\AppData\Local\Programs\Python\Python310\lib\site-packages\debugpy\_vendored\pydevd\_pydevd_bundle\pydevd_net_command_factory_json.py, make_io_message, 358
0.00s -   Stack: C:\Users\linux\AppData\Local\Programs\Python\Python310\lib\site-packages\debugpy\_vendored\pydevd\_pydevd_bundle\pydevd_io.py, write, 110
0.00s -   Stack: C:\Users\linux\AppData\Local\Programs\Python\Python310\lib\site-packages\debugpy\_vendored\pydevd\_pydevd_bundle\pydevd_io.py, write, 40
0.00s - Skipping per-thread thread suspend notification.
0.00s - Thread suspend mode: single notification
0.00s - Sending suspend notification.
0.00s - sending cmd (http_json) --> CMD_THREAD_SUSPEND_SINGLE_NOTIFICATION {"type": "event", "event": "stopped", "body": {"reason": "step", "threadId": 1, "preserveFocusHint": false, "allThreadsStopped": true}, "seq": 192, "pydevd_cmd_id": 157}

0.05s - Process ThreadsRequest: {
    "command": "threads",
    "seq": 60,
    "type": "request"
}

0.00s - sending cmd (http_json) -->           CMD_RETURN {"type": "response", "request_seq": 60, "success": true, "command": "threads", "body": {"threads": [{"id": 1, "name": "MainThread"}]}, "seq": 194, "pydevd_cmd_id": 502}

0.09s - Process StackTraceRequest: {
    "arguments": {
        "format": {},
        "levels": 1,
        "startFrame": 0,
        "threadId": 1
    },
    "command": "stackTrace",
    "seq": 61,
    "type": "request"
}

0.00s - sending cmd (http_json) -->     CMD_MODULE_EVENT {"type": "event", "event": "module", "body": {"reason": "new", "module": {"id": 1, "name": "json", "path": "C:\\Users\\linux\\AppData\\Local\\Programs\\Python\\Python310\\Lib\\json\\__init__.py", "version": "2.0.9", "package": "json"}}, "seq": 196, "pydevd_cmd_id": 203}

0.00s - sending cmd (http_json) -->           CMD_RETURN {"type": "response", "request_seq": 61, "success": true, "command": "stackTrace", "body": {"stackFrames": [{"id": 23, "name": "dumps", "line": 227, "column": 1, "source": {"path": "C:\\Users\\linux\\AppData\\Local\\Programs\\Python\\Python310\\Lib\\json\\__init__.py", "sourceReference": 0}, "presentationHint": "subtle"}], "totalFrames": 1}, "seq": 198, "pydevd_cmd_id": 502}

0.49s - Process ScopesRequest: {
    "arguments": {
        "frameId": 23
    },
    "command": "scopes",
    "seq": 62,
    "type": "request"
}

0.00s - sending cmd (http_json) -->           CMD_RETURN {"type": "response", "request_seq": 62, "success": true, "command": "scopes", "body": {"scopes": [{"name": "Locals", "variablesReference": 24, "expensive": false, "presentationHint": "locals", "source": {}}, {"name": "Globals", "variablesReference": 25, "expensive": false, "source": {}}]}, "seq": 200, "pydevd_cmd_id": 502}

0.01s - Process StackTraceRequest: {
    "arguments": {
        "format": {},
        "levels": 19,
        "startFrame": 1,
        "threadId": 1
    },
    "command": "stackTrace",
    "seq": 63,
    "type": "request"
}

0.00s - sending cmd (http_json) -->           CMD_RETURN {"type": "response", "request_seq": 63, "success": true, "command": "stackTrace", "body": {"stackFrames": [], "totalFrames": 1}, "seq": 202, "pydevd_cmd_id": 502}

0.02s - Process VariablesRequest: {
    "arguments": {
        "format": {},
        "variablesReference": 24
    },
    "command": "variables",
    "seq": 64,
    "type": "request"
}

0.00s - processing internal command: InternalThreadCommands(<function internal_get_variable_json at 0x000001774357A200>, (<_pydevd_bundle._debug_adapter.pydevd_schema.VariablesRequest object at 0x0000017743796740>,), {})
0.00s - sending cmd (http_json) -->           CMD_RETURN {"type": "response", "request_seq": 64, "success": true, "command": "variables", "body": {"variables": [{"name": "allow_nan", "value": "True", "type": "bool", "evaluateName": "allow_nan", "variablesReference": 0}, {"name": "check_circular", "value": "True", "type": "bool", "evaluateName": "check_circular", "variablesReference": 0}, {"name": "cls", "value": "None", "type": "NoneType", "evaluateName": "cls", "variablesReference": 0}, {"name": "default", "value": "None", "type": "NoneType", "evaluateName": "default", "variablesReference": 0}, {"name": "ensure_ascii", "value": "True", "type": "bool", "evaluateName": "ensure_ascii", "variablesReference": 0}, {"name": "indent", "value": "None", "type": "NoneType", "evaluateName": "indent", "variablesReference": 0}, {"name": "kw", "value": "{}", "type": "dict", "evaluateName": "kw", "variablesReference": 26}, {"name": "obj", "value": "{'type': 'event', 'event': 'output', 'body': {'output': 'Traceback (most recent call last):\\n', 'category': 'stderr', 'source': {}}, 'seq': 190, 'pydevd_cmd_id': 116}", "type": "dict", "evaluateName": "obj", "variablesReference": 27}, {"name": "separators", "value": "None", "type": "NoneType", "evaluateName": "separators", "variablesReference": 0}, {"name": "skipkeys", "value": "False", "type": "bool", "evaluateName": "skipkeys", "variablesReference": 0}, {"name": "sort_keys", "value": "False", "type": "bool", "evaluateName": "sort_keys", "variablesReference": 0}]}, "seq": 204, "pydevd_cmd_id": 502}

12.29s - Process DisconnectRequest: {
    "arguments": {
        "terminateDebuggee": false
    },
    "command": "disconnect",
    "seq": 65,
    "type": "request"
}

0.00s - Resuming threads: * (except thread: None)
0.00s - sending cmd (http_json) -->           CMD_RETURN {"type": "response", "request_seq": 65, "success": true, "command": "disconnect", "seq": 206, "pydevd_cmd_id": 502}

0.00s - Sending resume notification.
0.00s - sending cmd (http_json) --> CMD_THREAD_RESUME_SINGLE_NOTIFICATION {"type": "event", "event": "continued", "body": {"threadId": 1, "allThreadsContinued": true}, "seq": 208, "pydevd_cmd_id": 158}

0.00s - Leaving PyDB.do_wait_suspend: <_MainThread(MainThread, started 10308)> (pid_11156_id_1611703048352) 1611703048352
0.00s - sending cmd (http_json) --> CMD_WRITE_TO_CONSOLE {"type": "event", "event": "output", "body": {"output": "Traceback (most recent call last):\n", "category": "stderr", "source": {}}, "seq": 190, "pydevd_cmd_id": 116}

0.00s - sending cmd (http_json) --> CMD_WRITE_TO_CONSOLE {"type": "event", "event": "output", "body": {"output": "  File \"E:\\9_kubernetes\\python-debugger\\debug-attach-mode-prod-safe\\buggy_calculator_pythonic_debug.py\", line 35, in <module>\n", "category": "stderr", "source": {}}, "seq": 210, "pydevd_cmd_id": 116}

0.00s - sending cmd (http_json) --> CMD_WRITE_TO_CONSOLE {"type": "event", "event": "output", "body": {"output": "    ", "category": "stderr", "source": {}}, "seq": 212, "pydevd_cmd_id": 116}

0.00s - sending cmd (http_json) --> CMD_WRITE_TO_CONSOLE {"type": "event", "event": "output", "body": {"output": "calculator()", "category": "stderr", "source": {}}, "seq": 214, "pydevd_cmd_id": 116}

0.00s - sending cmd (http_json) --> CMD_WRITE_TO_CONSOLE {"type": "event", "event": "output", "body": {"output": "\n", "category": "stderr", "source": {}}, "seq": 216, "pydevd_cmd_id": 116}

0.00s - sending cmd (http_json) --> CMD_WRITE_TO_CONSOLE {"type": "event", "event": "output", "body": {"output": "  File \"E:\\9_kubernetes\\python-debugger\\debug-attach-mode-prod-safe\\buggy_calculator_pythonic_debug.py\", line 31, in calculator\n", "category": "stderr", "source": {}}, "seq": 218, "pydevd_cmd_id": 116}

0.00s - sending cmd (http_json) --> CMD_WRITE_TO_CONSOLE {"type": "event", "event": "output", "body": {"output": "    ", "category": "stderr", "source": {}}, "seq": 220, "pydevd_cmd_id": 116}

0.00s - sending cmd (http_json) --> CMD_WRITE_TO_CONSOLE {"type": "event", "event": "output", "body": {"output": "result4 = divide(x, y)", "category": "stderr", "source": {}}, "seq": 222, "pydevd_cmd_id": 116}

0.00s - sending cmd (http_json) --> CMD_WRITE_TO_CONSOLE {"type": "event", "event": "output", "body": {"output": "\n", "category": "stderr", "source": {}}, "seq": 224, "pydevd_cmd_id": 116}

0.00s - sending cmd (http_json) --> CMD_WRITE_TO_CONSOLE {"type": "event", "event": "output", "body": {"output": "  File \"E:\\9_kubernetes\\python-debugger\\debug-attach-mode-prod-safe\\buggy_calculator_pythonic_debug.py\", line 14, in divide\n", "category": "stderr", "source": {}}, "seq": 226, "pydevd_cmd_id": 116}

0.00s - sending cmd (http_json) --> CMD_WRITE_TO_CONSOLE {"type": "event", "event": "output", "body": {"output": "    ", "category": "stderr", "source": {}}, "seq": 228, "pydevd_cmd_id": 116}

0.00s - sending cmd (http_json) --> CMD_WRITE_TO_CONSOLE {"type": "event", "event": "output", "body": {"output": "raise ValueError(\"Division by zero!\")", "category": "stderr", "source": {}}, "seq": 230, "pydevd_cmd_id": 116}

0.00s - sending cmd (http_json) --> CMD_WRITE_TO_CONSOLE {"type": "event", "event": "output", "body": {"output": "\n", "category": "stderr", "source": {}}, "seq": 232, "pydevd_cmd_id": 116}

0.00s - sending cmd (http_json) --> CMD_WRITE_TO_CONSOLE {"type": "event", "event": "output", "body": {"output": "ValueError", "category": "stderr", "source": {}}, "seq": 234, "pydevd_cmd_id": 116}

0.00s - sending cmd (http_json) --> CMD_WRITE_TO_CONSOLE {"type": "event", "event": "output", "body": {"output": ": ", "category": "stderr", "source": {}}, "seq": 236, "pydevd_cmd_id": 116}

0.00s - sending cmd (http_json) --> CMD_WRITE_TO_CONSOLE {"type": "event", "event": "output", "body": {"output": "Division by zero!", "category": "stderr", "source": {}}, "seq": 238, "pydevd_cmd_id": 116}

0.00s - sending cmd (http_json) --> CMD_WRITE_TO_CONSOLE {"type": "event", "event": "output", "body": {"output": "\n", "category": "stderr", "source": {}}, "seq": 240, "pydevd_cmd_id": 116}

0.09s - No threads alive, finishing debug session
0.00s - PyDB.dispose_and_kill_all_pydevd_threads (called from: File "C:\Users\linux\AppData\Local\Programs\Python\Python310\lib\site-packages\debugpy\_vendored\pydevd\pydevd.py", line 333, in _on_run)
0.00s - PyDB.dispose_and_kill_all_pydevd_threads (first call)
0.00s - PyDB.dispose_and_kill_all_pydevd_threads no commands being processed.
0.00s - PyDB.dispose_and_kill_all_pydevd_threads killing thread: <PyDBCommandThread(pydevd.CommandThread, started daemon 16524)>
0.00s - pydevd.CommandThread received kill signal
0.00s - PyDB.dispose_and_kill_all_pydevd_threads killing thread: <ReaderThread(pydevd.Reader, started daemon 1784)>
0.00s - pydevd.Reader received kill signal
0.00s - PyDB.dispose_and_kill_all_pydevd_threads killing thread: <WriterThread(pydevd.Writer, started daemon 33812)>
0.00s - sending cmd (http_json) -->             CMD_EXIT {"type": "event", "event": "terminated", "seq": 242, "body": {}, "pydevd_cmd_id": 129}

0.00s - pydevd.Writer received kill signal
0.00s - PyDB.dispose_and_kill_all_pydevd_threads killing thread: <CheckAliveThread(pydevd.CheckAliveThread, started 33832)>
0.00s - pydevd.CheckAliveThread received kill signal
0.00s - PyDB.dispose_and_kill_all_pydevd_threads waiting for pydb daemon threads to finish
0.00s - WriterThread: CMD_EXIT received
0.00s - WriterThread: exit
0.00s - ReaderThread: empty contents received (len(line) == 0).
0.00s - PyDB.dispose_and_kill_all_pydevd_threads (called from: File "C:\Users\linux\AppData\Local\Programs\Python\Python310\lib\site-packages\debugpy\_vendored\pydevd\_pydevd_bundle\pydevd_comm.py", line 324, in _terminate_on_socket_close)
0.00s - PyDB.dispose_and_kill_all_pydevd_threads (already disposed - wait)
0.51s - PyDB.dispose_and_kill_all_pydevd_threads: finished
0.00s - ReaderThread: exit
0.03s - PyDB.dispose_and_kill_all_pydevd_threads: finished
0.00s - pydevd.stoptrace()
