0.98s - pydevd: Use libraries filter: False

0.00s - IDE_PROJECT_ROOTS []

0.00s - Collecting default library roots.
0.00s - LIBRARY_ROOTS ['C:\\Users\\linux\\AppData\\Local\\Programs\\Python\\Python310', 'C:\\Users\\linux\\AppData\\Local\\Programs\\Python\\Python310\\Lib', 'C:\\Users\\linux\\AppData\\Local\\Programs\\Python\\Python310\\Lib\\site-packages', 'C:\\Users\\linux\\AppData\\Local\\Programs\\Python\\Python310\\lib', 'C:\\Users\\linux\\AppData\\Local\\Programs\\Python\\Python310\\lib\\site-packages', 'C:\\Users\\linux\\AppData\\Roaming\\Python\\Python310\\site-packages']

0.00s - Apply debug mode: debugpy-dap
0.00s - Preimport: C:\Users\linux\AppData\Local\Programs\Python\Python310\lib\site-packages;debugpy._vendored.force_pydevd
0.00s - Connecting to 127.0.0.1:51490
0.00s - Connected to: <socket.socket fd=860, family=AddressFamily.AF_INET, type=SocketKind.SOCK_STREAM, proto=0, laddr=('127.0.0.1', 51492), raddr=('127.0.0.1', 51490)>.
0.00s - Applying patching to hide pydevd threads (Py3 version).
0.00s - Process PydevdAuthorizeRequest: {
    "arguments": {
        "debugServerAccessToken": "6fb8b00872af362b9b9f8ddf6fb27f043800ffe2b6543c210c9f1c5854f457a2"
    },
    "command": "pydevdAuthorize",
    "seq": 1,
    "type": "request"
}

0.00s - sending cmd (http_json) -->           CMD_RETURN {"type": "response", "request_seq": 1, "success": true, "command": "pydevdAuthorize", "body": {"clientAccessToken": null}, "seq": 2, "pydevd_cmd_id": 502}

0.00s - Process PydevdSystemInfoRequest: {
    "arguments": {},
    "command": "pydevdSystemInfo",
    "seq": 2,
    "type": "request"
}

0.01s - sending cmd (http_json) -->           CMD_RETURN {"type": "response", "request_seq": 2, "success": true, "command": "pydevdSystemInfo", "body": {"python": {"version": "3.10.2final0", "implementation": {"name": "cpython", "version": "3.10.2final0", "description": "CPython"}}, "platform": {"name": "win32"}, "process": {"pid": 24920, "ppid": 24744, "executable": "C:\\Users\\linux\\AppData\\Local\\Programs\\Python\\Python310\\python.exe", "bitness": 64}, "pydevd": {"usingCython": true, "usingFrameEval": false}}, "seq": 4, "pydevd_cmd_id": 502}

0.10s - Successfully Loaded helper lib to set tracing to all threads.
0.00s - SKIP set tracing of frame: C:\Users\linux\AppData\Local\Programs\Python\Python310\lib\threading.py - wait
0.00s - SKIP set tracing of frame: C:\Users\linux\AppData\Local\Programs\Python\Python310\lib\threading.py - wait
0.00s - SKIP set tracing of frame: C:\Users\linux\AppData\Local\Programs\Python\Python310\lib\site-packages\debugpy\_vendored\pydevd\pydevd.py - _on_run
0.00s - SKIP set tracing of frame: C:\Users\linux\AppData\Local\Programs\Python\Python310\lib\site-packages\debugpy\_vendored\pydevd\_pydevd_bundle\pydevd_daemon_thread.py - run
0.00s - SKIP set tracing of frame: C:\Users\linux\AppData\Local\Programs\Python\Python310\lib\threading.py - _bootstrap_inner
0.00s - SKIP set tracing of frame: C:\Users\linux\AppData\Local\Programs\Python\Python310\lib\threading.py - _bootstrap
0.00s - SKIP set tracing of frame: C:\Users\linux\AppData\Local\Programs\Python\Python310\lib\threading.py - wait
0.00s - SKIP set tracing of frame: C:\Users\linux\AppData\Local\Programs\Python\Python310\lib\threading.py - wait
0.00s - SKIP set tracing of frame: C:\Users\linux\AppData\Local\Programs\Python\Python310\lib\site-packages\debugpy\_vendored\pydevd\pydevd.py - _on_run
0.00s - SKIP set tracing of frame: C:\Users\linux\AppData\Local\Programs\Python\Python310\lib\site-packages\debugpy\_vendored\pydevd\_pydevd_bundle\pydevd_daemon_thread.py - run
0.00s - SKIP set tracing of frame: C:\Users\linux\AppData\Local\Programs\Python\Python310\lib\threading.py - _bootstrap_inner
0.00s - SKIP set tracing of frame: C:\Users\linux\AppData\Local\Programs\Python\Python310\lib\threading.py - _bootstrap
0.00s - SKIP set tracing of frame: C:\Users\linux\AppData\Local\Programs\Python\Python310\lib\site-packages\debugpy\_vendored\pydevd\_pydevd_bundle\pydevd_comm.py - _read_line
0.00s - SKIP set tracing of frame: C:\Users\linux\AppData\Local\Programs\Python\Python310\lib\site-packages\debugpy\_vendored\pydevd\_pydevd_bundle\pydevd_comm.py - _on_run
0.00s - SKIP set tracing of frame: C:\Users\linux\AppData\Local\Programs\Python\Python310\lib\site-packages\debugpy\_vendored\pydevd\_pydevd_bundle\pydevd_daemon_thread.py - run
0.00s - SKIP set tracing of frame: C:\Users\linux\AppData\Local\Programs\Python\Python310\lib\threading.py - _bootstrap_inner
0.00s - SKIP set tracing of frame: C:\Users\linux\AppData\Local\Programs\Python\Python310\lib\threading.py - _bootstrap
0.00s - SKIP set tracing of frame: C:\Users\linux\AppData\Local\Programs\Python\Python310\lib\threading.py - wait
0.00s - SKIP set tracing of frame: C:\Users\linux\AppData\Local\Programs\Python\Python310\lib\queue.py - get
0.00s - SKIP set tracing of frame: C:\Users\linux\AppData\Local\Programs\Python\Python310\lib\site-packages\debugpy\_vendored\pydevd\_pydevd_bundle\pydevd_comm.py - _on_run
0.00s - SKIP set tracing of frame: C:\Users\linux\AppData\Local\Programs\Python\Python310\lib\site-packages\debugpy\_vendored\pydevd\_pydevd_bundle\pydevd_daemon_thread.py - run
0.00s - SKIP set tracing of frame: C:\Users\linux\AppData\Local\Programs\Python\Python310\lib\threading.py - _bootstrap_inner
0.00s - SKIP set tracing of frame: C:\Users\linux\AppData\Local\Programs\Python\Python310\lib\threading.py - _bootstrap
0.00s - SKIP set tracing of frame: C:\Users\linux\AppData\Local\Programs\Python\Python310\lib\site-packages\debugpy\_vendored\pydevd\pydevd.py - set_tracing_for_untraced_contexts
0.00s - SKIP set tracing of frame: C:\Users\linux\AppData\Local\Programs\Python\Python310\lib\site-packages\debugpy\_vendored\pydevd\pydevd.py - _locked_settrace
0.00s - SKIP set tracing of frame: C:\Users\linux\AppData\Local\Programs\Python\Python310\lib\site-packages\debugpy\_vendored\pydevd\pydevd.py - settrace
0.00s - SKIP set tracing of frame: C:\Users\linux\AppData\Local\Programs\Python\Python310\lib\site-packages\debugpy\server\api.py - _settrace
0.00s - SKIP set tracing of frame: C:\Users\linux\AppData\Local\Programs\Python\Python310\lib\site-packages\debugpy\server\api.py - listen
0.00s - SKIP set tracing of frame: C:\Users\linux\AppData\Local\Programs\Python\Python310\lib\site-packages\debugpy\server\api.py - debug
0.00s - SKIP set tracing of frame: C:\Users\linux\AppData\Local\Programs\Python\Python310\lib\site-packages\debugpy\public_api.py - wrapper
0.00s - Set tracing of frame: E:\9_kubernetes\python-debugger\debug-attach-mode-prod-safe\debug.py - <module>
0.00s - SKIP set tracing of frame: <frozen importlib._bootstrap> - _call_with_frames_removed
0.00s - SKIP set tracing of frame: <frozen importlib._bootstrap_external> - exec_module
0.00s - SKIP set tracing of frame: <frozen importlib._bootstrap> - _load_unlocked
0.00s - SKIP set tracing of frame: <frozen importlib._bootstrap> - _find_and_load_unlocked
0.00s - SKIP set tracing of frame: <frozen importlib._bootstrap> - _find_and_load
0.00s - Set tracing of frame: E:\9_kubernetes\python-debugger\debug-attach-mode-prod-safe\buggy_calculator_pythonic_debug.py - <module>
0.00s - SKIP set tracing of frame: C:\Users\linux\AppData\Local\Programs\Python\Python310\lib\site-packages\debugpy\_vendored\pydevd\pydevd.py - settrace
0.00s - SKIP set tracing of frame: C:\Users\linux\AppData\Local\Programs\Python\Python310\lib\site-packages\debugpy\server\api.py - _settrace
0.00s - SKIP set tracing of frame: C:\Users\linux\AppData\Local\Programs\Python\Python310\lib\site-packages\debugpy\server\api.py - listen
0.00s - SKIP set tracing of frame: C:\Users\linux\AppData\Local\Programs\Python\Python310\lib\site-packages\debugpy\server\api.py - debug
0.00s - SKIP set tracing of frame: C:\Users\linux\AppData\Local\Programs\Python\Python310\lib\site-packages\debugpy\public_api.py - wrapper
0.00s - SKIP set tracing of frame: <frozen importlib._bootstrap> - _call_with_frames_removed
0.00s - SKIP set tracing of frame: <frozen importlib._bootstrap_external> - exec_module
0.00s - SKIP set tracing of frame: <frozen importlib._bootstrap> - _load_unlocked
0.00s - SKIP set tracing of frame: <frozen importlib._bootstrap> - _find_and_load_unlocked
0.00s - SKIP set tracing of frame: <frozen importlib._bootstrap> - _find_and_load
0.19s - PyDB.dispose_and_kill_all_pydevd_threads (called from: File "C:\Users\linux\AppData\Local\Programs\Python\Python310\lib\site-packages\debugpy\_vendored\pydevd\pydevd.py", line 1859, in process_internal_commands)
0.00s - No threads alive, finishing debug session
0.00s - PyDB.dispose_and_kill_all_pydevd_threads (first call)
0.00s - PyDB.dispose_and_kill_all_pydevd_threads (called from: File "C:\Users\linux\AppData\Local\Programs\Python\Python310\lib\site-packages\debugpy\_vendored\pydevd\pydevd.py", line 333, in _on_run)
0.00s - PyDB.dispose_and_kill_all_pydevd_threads no commands being processed.
0.00s - PyDB.dispose_and_kill_all_pydevd_threads (already disposed - wait)
0.00s - PyDB.dispose_and_kill_all_pydevd_threads killing thread: <PyDBCommandThread(pydevd.CommandThread, started daemon 34384)>
0.00s - PyDB.dispose_and_kill_all_pydevd_threads waiting for pydb daemon threads to finish
0.00s - pydevd.CommandThread received kill signal
0.00s - PyDB.dispose_and_kill_all_pydevd_threads killing thread: <ReaderThread(pydevd.Reader, started daemon 36204)>
0.00s - pydevd.Reader received kill signal
0.00s - PyDB.dispose_and_kill_all_pydevd_threads killing thread: <CheckAliveThread(pydevd.CheckAliveThread, started 31700)>
0.00s - pydevd.CheckAliveThread received kill signal
0.00s - PyDB.dispose_and_kill_all_pydevd_threads killing thread: <WriterThread(pydevd.Writer, started daemon 10548)>
0.00s - sending cmd (http_json) -->             CMD_EXIT {"type": "event", "event": "terminated", "seq": 6, "body": {}, "pydevd_cmd_id": 129}

0.00s - pydevd.Writer received kill signal
0.00s - WriterThread: CMD_EXIT received
0.00s - WriterThread: exit
0.00s - ReaderThread: empty contents received (len(line) == 0).
0.00s - PyDB.dispose_and_kill_all_pydevd_threads (called from: File "C:\Users\linux\AppData\Local\Programs\Python\Python310\lib\site-packages\debugpy\_vendored\pydevd\_pydevd_bundle\pydevd_comm.py", line 324, in _terminate_on_socket_close)
0.00s - PyDB.dispose_and_kill_all_pydevd_threads (already disposed - wait)
0.51s - PyDB.dispose_and_kill_all_pydevd_threads: finished
0.00s - ReaderThread: exit
0.00s - PyDB.dispose_and_kill_all_pydevd_threads: finished
0.03s - The following pydb threads may not have finished correctly: pydevd.CommandThread
0.00s - PyDB.dispose_and_kill_all_pydevd_threads: finished
0.00s - pydevd.stoptrace()
