I+00000.147: Linux-5.15.146.1-microsoft-standard-WSL2-x86_64-with-glibc2.41 x86_64
             CPython 3.10.18 (64-bit)
             debugpy 1.8.16

I+00000.233: debugpy.adapter startup environment:
             
             System paths:
                 sys.executable: /usr/local/bin/python(/usr/local/bin/python3.10)
                 sys.prefix: /usr/local
                 sys.base_prefix: /usr/local
                 sys.real_prefix: <missing>
                 site.getsitepackages(): /usr/local/lib/python3.10/site-packages
                 site.getusersitepackages(): /root/.local/lib/python3.10/site-packages
                 sys.path (site-packages): /usr/local/lib/python3.10/site-packages
                 sysconfig.get_path('stdlib'): /usr/local/lib/python3.10
                 sysconfig.get_path('platstdlib'): /usr/local/lib/python3.10
                 sysconfig.get_path('purelib'): /usr/local/lib/python3.10/site-packages
                 sysconfig.get_path('platlib'): /usr/local/lib/python3.10/site-packages
                 sysconfig.get_path('include'): /usr/local/include/python3.10
                 sysconfig.get_path('scripts'): /usr/local/bin
                 sysconfig.get_path('data'): /usr/local
                 os.__file__: /usr/local/lib/python3.10/os.py
                 threading.__file__: /usr/local/lib/python3.10/threading.py
                 debugpy.__file__: /usr/local/lib/python3.10/site-packages/debugpy/adapter/../../debugpy/__init__.py(/usr/local/lib/python3.10/site-packages/debugpy/__init__.py)
             
             Installed packages:
                 pip==23.0.1
                 setuptools==65.5.1
                 wheel==0.45.1
                 dotenv==0.9.9
                 python-dotenv==1.1.1
                 debugpy==1.8.16

I+00000.234: Listening for incoming Client connections on 0.0.0.0:5678...

I+00000.236: Listening for incoming Server connections on 127.0.0.1:57263...

I+00000.237: Sending endpoints info to debug server at localhost:53809:
             {
                 "client": {
                     "host": "0.0.0.0",
                     "port": 5678
                 },
                 "server": {
                     "host": "127.0.0.1",
                     "port": 57263
                 }
             }

I+00000.247: Accepted incoming Server connection from 127.0.0.1:46708.

D+00000.248: Starting message loop for channel Server[?]

D+00000.248: Server[?] <-- {
                 "seq": 1,
                 "type": "request",
                 "command": "pydevdAuthorize",
                 "arguments": {
                     "debugServerAccessToken": "ec57d6eddd45054e9effa8ec216b0ba2cf4c38c3d5f9a112a41dab411ef49bd9"
                 }
             }

D+00000.251: Server[?] --> {
                 "pydevd_cmd_id": 502,
                 "seq": 2,
                 "type": "response",
                 "request_seq": 1,
                 "success": true,
                 "command": "pydevdAuthorize",
                 "body": {
                     "clientAccessToken": null
                 }
             }

D+00000.252: Server[?] <-- {
                 "seq": 2,
                 "type": "request",
                 "command": "pydevdSystemInfo"
             }

D+00000.297: Server[?] --> {
                 "pydevd_cmd_id": 502,
                 "seq": 4,
                 "type": "response",
                 "request_seq": 2,
                 "success": true,
                 "command": "pydevdSystemInfo",
                 "body": {
                     "python": {
                         "version": "3.10.18final0",
                         "implementation": {
                             "name": "cpython",
                             "version": "3.10.18final0",
                             "description": "CPython"
                         }
                     },
                     "platform": {
                         "name": "linux"
                     },
                     "process": {
                         "pid": 1,
                         "ppid": 0,
                         "executable": "/usr/local/bin/python",
                         "bitness": 64
                     },
                     "pydevd": {
                         "usingCython": true,
                         "usingFrameEval": false
                     }
                 }
             }

I+00000.298: No active debug session for parent process of Server[pid=1].

D+00012.766: Server[pid=1] --> {
                 "pydevd_cmd_id": 129,
                 "seq": 6,
                 "type": "event",
                 "event": "terminated",
                 "body": {}
             }

D+00012.766: /handling #6 event "terminated" from Server[pid=1]/
             Closing Server[pid=1] message stream

D+00012.766: Exiting message loop for channel Server[pid=1]: No more messages

I+00012.767: All debug servers disconnected; waiting for remaining sessions...

I+00012.767: All debug sessions have ended; exiting.

I+00012.767: Not logging to "<stderr>" anymore.

